Component: ARM Compiler 5.06 update 6 (build 750) Tool: armlink [4d35ed]

==============================================================================

Section Cross References

    main.o(i.main) refers to sys_tick.o(i.SysTick_Timer_Init) for SysTick_Timer_Init
    main.o(i.main) refers to sys_config.o(i.SYS_Init) for SYS_Init
    main.o(i.main) refers to led.o(i.LED_Init) for LED_Init
    main.o(i.main) refers to usart.o(i.uart_init) for uart_init
    main.o(i.main) refers to w5500_driver.o(i.W5500_GPIO_Init) for W5500_GPIO_Init
    main.o(i.main) refers to w5500_driver.o(i.W5500_Sync_Params) for W5500_Sync_Params
    main.o(i.main) refers to w5500_driver.o(i.W5500_Socket_Open) for W5500_Socket_Open
    main.o(i.main) refers to sensor.o(i.Sensor_Init) for Sensor_Init
    main.o(i.main) refers to current_monitoring.o(i.ADC_DMA_Config) for ADC_DMA_Config
    main.o(i.main) refers to current_monitoring.o(i.Process_Cycle_Task) for Process_Cycle_Task
    main.o(i.main) refers to w5500_driver.o(i.W5500_Process) for W5500_Process
    main.o(i.main) refers to protocol_dispatcher.o(i.Protocol_Dispatch) for Protocol_Dispatch
    main.o(i.main) refers to memseta.o(.text) for __aeabi_memclr
    main.o(i.main) refers to sys_tick.o(i.Get_System_Time) for Get_System_Time
    main.o(i.main) refers to led.o(i.LED_Toggle) for LED_Toggle
    main.o(i.main) refers to sensor.o(i.Sensor_Update_Task) for Sensor_Update_Task
    main.o(i.main) refers to sys_config.o(i.SYS_Monitor_Cmd) for SYS_Monitor_Cmd
    main.o(i.main) refers to sys_config.o(.bss) for g_modbus_regs
    main.o(i.main) refers to usart.o(.data) for USART_RX_STA
    main.o(i.main) refers to main.o(.data) for .data
    main.o(i.main) refers to usart.o(.bss) for USART_RX_BUF
    modbus_slave.o(i.Modbus_Parse_And_Execute) refers to modbus_slave.o(i.Modbus_CRC16) for Modbus_CRC16
    modbus_slave.o(i.Modbus_Parse_And_Execute) refers to sys_config.o(.bss) for g_modbus_regs
    sys_config.o(i.SYS_Get_CT_Offset) refers to sys_config.o(.bss) for .bss
    sys_config.o(i.SYS_Get_CT_Ratio) refers to sys_config.o(.bss) for .bss
    sys_config.o(i.SYS_Get_Ch_Enable) refers to sys_config.o(.bss) for .bss
    sys_config.o(i.SYS_Init) refers to sys_config.o(i.SYS_RestoreToFactory) for SYS_RestoreToFactory
    sys_config.o(i.SYS_Init) refers to sys_config.o(.bss) for .bss
    sys_config.o(i.SYS_Init) refers to sys_config.o(.data) for .data
    sys_config.o(i.SYS_Monitor_Cmd) refers to sys_config.o(i.SYS_Save_Config) for SYS_Save_Config
    sys_config.o(i.SYS_Monitor_Cmd) refers to sys_config.o(i.SYS_RestoreToFactory) for SYS_RestoreToFactory
    sys_config.o(i.SYS_Monitor_Cmd) refers to sys_config.o(.bss) for .bss
    sys_config.o(i.SYS_Push_Float_To_Modbus) refers to sys_config.o(.bss) for .bss
    sys_config.o(i.SYS_Push_IEEE_Float_To_Modbus) refers to sys_config.o(.bss) for .bss
    sys_config.o(i.SYS_RestoreToFactory) refers to memseta.o(.text) for __aeabi_memclr
    sys_config.o(i.SYS_RestoreToFactory) refers to sys_config.o(i.SYS_Push_IEEE_Float_To_Modbus) for SYS_Push_IEEE_Float_To_Modbus
    sys_config.o(i.SYS_RestoreToFactory) refers to sys_config.o(i.SYS_Save_Config) for SYS_Save_Config
    sys_config.o(i.SYS_RestoreToFactory) refers to sys_config.o(.bss) for .bss
    sys_config.o(i.SYS_Save_Config) refers to sys_config.o(.bss) for .bss
    sys_tick.o(i.Get_System_Time) refers to sys_tick.o(.data) for .data
    sys_tick.o(i.SysTick_Timer_Init) refers to stm32f4xx_rcc.o(i.RCC_AHB1PeriphClockCmd) for RCC_AHB1PeriphClockCmd
    sys_tick.o(i.SysTick_Timer_Init) refers to stm32f4xx_rcc.o(i.RCC_APB2PeriphClockCmd) for RCC_APB2PeriphClockCmd
    sys_tick.o(i.SysTick_Timer_Init) refers to system_stm32f4xx.o(.data) for SystemCoreClock
    sys_tick.o(i.Wait_Ms) refers to sys_tick.o(i.Get_System_Time) for Get_System_Time
    sensor.o(i.Sensor_Init) refers to stm32f4xx_rcc.o(i.RCC_AHB1PeriphClockCmd) for RCC_AHB1PeriphClockCmd
    sensor.o(i.Sensor_Init) refers to stm32f4xx_gpio.o(i.GPIO_Init) for GPIO_Init
    sensor.o(i.Sensor_Init) refers to sensor.o(.data) for .data
    sensor.o(i.Sensor_Init) refers to sensor.o(.bss) for .bss
    sensor.o(i.Sensor_Update_Task) refers to sys_tick.o(i.Get_System_Time) for Get_System_Time
    sensor.o(i.Sensor_Update_Task) refers to stm32f4xx_adc.o(i.ADC_RegularChannelConfig) for ADC_RegularChannelConfig
    sensor.o(i.Sensor_Update_Task) refers to stm32f4xx_adc.o(i.ADC_SoftwareStartConv) for ADC_SoftwareStartConv
    sensor.o(i.Sensor_Update_Task) refers to stm32f4xx_adc.o(i.ADC_GetFlagStatus) for ADC_GetFlagStatus
    sensor.o(i.Sensor_Update_Task) refers to stm32f4xx_adc.o(i.ADC_GetConversionValue) for ADC_GetConversionValue
    sensor.o(i.Sensor_Update_Task) refers to sensor.o(.data) for .data
    sensor.o(i.Sensor_Update_Task) refers to sys_config.o(.bss) for g_modbus_regs
    sensor.o(i.Sensor_Update_Task) refers to sensor.o(.bss) for .bss
[...]

    Local Symbols

    Symbol Name                              Value     Ov Type        Size  Object(Section)

    ../clib/microlib/errno.c                 0x00000000   Number         0  errno.o ABSOLUTE
    ../clib/microlib/init/entry.s            0x00000000   Number         0  entry10b.o ABSOLUTE
    ../clib/microlib/init/entry.s            0x00000000   Number         0  entry2.o ABSOLUTE
    ../clib/microlib/init/entry.s            0x00000000   Number         0  entry7b.o ABSOLUTE
    ../clib/microlib/init/entry.s            0x00000000   Number         0  entry8a.o ABSOLUTE
    ../clib/microlib/init/entry.s            0x00000000   Number         0  entry8b.o ABSOLUTE
    ../clib/microlib/init/entry.s            0x00000000   Number         0  entry9b.o ABSOLUTE
    ../clib/microlib/init/entry.s            0x00000000   Number         0  entry9a.o ABSOLUTE
    ../clib/microlib/init/entry.s            0x00000000   Number         0  entry5.o ABSOLUTE
    ../clib/microlib/init/entry.s            0x00000000   Number         0  entry.o ABSOLUTE
    ../clib/microlib/init/entry.s            0x00000000   Number         0  entry10a.o ABSOLUTE
    ../clib/microlib/init/entry.s            0x00000000   Number         0  entry11b.o ABSOLUTE
    ../clib/microlib/init/entry.s            0x00000000   Number         0  entry11a.o ABSOLUTE
    ../clib/microlib/init/entry.s            0x00000000   Number         0  entry7a.o ABSOLUTE
    ../clib/microlib/longlong.c              0x00000000   Number         0  llsshr.o ABSOLUTE
    ../clib/microlib/longlong.c              0x00000000   Number         0  llshl.o ABSOLUTE
    ../clib/microlib/longlong.c              0x00000000   Number         0  llushr.o ABSOLUTE
    ../clib/microlib/string/memcpy.c         0x00000000   Number         0  memcpyb.o ABSOLUTE
    ../clib/microlib/string/memcpy.c         0x00000000   Number         0  memcpya.o ABSOLUTE
    ../clib/microlib/string/memset.c         0x00000000   Number         0  memseta.o ABSOLUTE
    ../clib/microlib/stubs.s                 0x00000000   Number         0  useno.o ABSOLUTE
    ../clib/microlib/stubs.s                 0x00000000   Number         0  iusefp.o ABSOLUTE
    ../fplib/microlib/d2f.c                  0x00000000   Number         0  d2f.o ABSOLUTE
    ../fplib/microlib/fpadd.c                0x00000000   Number         0  dadd.o ABSOLUTE
    ../fplib/microlib/fpdiv.c                0x00000000   Number         0  ddiv.o ABSOLUTE
    ../fplib/microlib/fpepilogue.c           0x00000000   Number         0  depilogue.o ABSOLUTE
    ../fplib/microlib/fpepilogue.c           0x00000000   Number         0  fepilogue.o ABSOLUTE
    ../fplib/microlib/fpflt.c                0x00000000   Number         0  dfltul.o ABSOLUTE
    ../fplib/microlib/fpflt.c                0x00000000   Number         0  ffltul.o ABSOLUTE
    ../fplib/microlib/fpflt.c                0x00000000   Number         0  dfltui.o ABSOLUTE
    ../fplib/microlib/fpmul.c                0x00000000   Number         0  dmul.o ABSOLUTE
    ../fplib/microlib/fpsqrt.c               0x00000000   Number         0  dsqrt.o ABSOLUTE
    ../mathlib/cosf.c                        0x00000000   Number         0  cosf.o ABSOLUTE
    ../mathlib/cosf.c                        0x00000000   Number         0  cosf_x.o ABSOLUTE
    ../mathlib/fpclassifyf.c                 0x00000000   Number         0  fpclassifyf.o ABSOLUTE
    ../mathlib/funder.c                      0x00000000   Number         0  funder.o ABSOLUTE
    ../mathlib/rredf.c                       0x00000000   Number         0  rredf.o ABSOLUTE
    ../mathlib/sinf.c                        0x00000000   Number         0  sinf_x.o ABSOLUTE
    ../mathlib/sinf.c                        0x00000000   Number         0  sinf.o ABSOLUTE
    ../mathlib/sqrt.c                        0x00000000   Number         0  sqrt_x.o ABSOLUTE
    ../mathlib/sqrt.c                        0x00000000   Number         0  sqrt.o ABSOLUTE
    ../mathlib/sqrtf.c                       0x00000000   Number         0  sqrtf_x.o ABSOLUTE
    ../mathlib/sqrtf.c                       0x00000000   Number         0  sqrtf.o ABSOLUTE
    ..\CORE\startup_stm32f40_41xxx.s         0x00000000   Number         0  startup_stm32f40_41xxx.o ABSOLUTE
    ..\Ethernet\socket.c                     0x00000000   Number         0  socket.o ABSOLUTE
    ..\Ethernet\w5500.c                      0x00000000   Number         0  w5500.o ABSOLUTE
    ..\Ethernet\wizchip_conf.c               0x00000000   Number         0  wizchip_conf.o ABSOLUTE
    ..\FWLIB\src\misc.c                      0x00000000   Number         0  misc.o ABSOLUTE
    ..\FWLIB\src\stm32f4xx_adc.c             0x00000000   Number         0  stm32f4xx_adc.o ABSOLUTE
    ..\FWLIB\src\stm32f4xx_dma.c             0x00000000   Number         0  stm32f4xx_dma.o ABSOLUTE
    ..\FWLIB\src\stm32f4xx_gpio.c            0x00000000   Number         0  stm32f4xx_gpio.o ABSOLUTE
    ..\FWLIB\src\stm32f4xx_rcc.c             0x00000000   Number         0  stm32f4xx_rcc.o ABSOLUTE
    ..\FWLIB\src\stm32f4xx_syscfg.c          0x00000000   Number         0  stm32f4xx_syscfg.o ABSOLUTE
    ..\FWLIB\src\stm32f4xx_tim.c             0x00000000   Number         0  stm32f4xx_tim.o ABSOLUTE
    ..\FWLIB\src\stm32f4xx_usart.c           0x00000000   Number         0  stm32f4xx_usart.o ABSOLUTE
    ..\HARDWARE\LED\led.c                    0x00000000   Number         0  led.o ABSOLUTE
    ..\SYSTEM\delay\delay.c                  0x00000000   Number         0  delay.o ABSOLUTE
    ..\SYSTEM\sys\sys.c                      0x00000000   Number         0  sys.o ABSOLUTE
    ..\SYSTEM\usart\usart.c                  0x00000000   Number         0  usart.o ABSOLUTE
    ..\\FWLIB\\src\\misc.c                   0x00000000   Number         0  misc.o ABSOLUTE
    ..\\FWLIB\\src\\stm32f4xx_adc.c          0x00000000   Number         0  stm32f4xx_adc.o ABSOLUTE
    ..\\FWLIB\\src\\stm32f4xx_dma.c          0x00000000   Number         0  stm32f4xx_dma.o ABSOLUTE
    ..\\FWLIB\\src\\stm32f4xx_gpio.c         0x00000000   Number         0  stm32f4xx_gpio.o ABSOLUTE
    ..\\FWLIB\\src\\stm32f4xx_rcc.c          0x00000000   Number         0  stm32f4xx_rcc.o ABSOLUTE
    ..\\FWLIB\\src\\stm32f4xx_syscfg.c       0x00000000   Number         0  stm32f4xx_syscfg.o ABSOLUTE
    ..\\FWLIB\\src\\stm32f4xx_tim.c          0x00000000   Number         0  stm32f4xx_tim.o ABSOLUTE
    ..\\FWLIB\\src\\stm32f4xx_usart.c        0x00000000   Number         0  stm32f4xx_usart.o ABSOLUTE
    ..\\HARDWARE\\LED\\led.c                 0x00000000   Number         0  led.o ABSOLUTE
    ..\\SYSTEM\\delay\\delay.c               0x00000000   Number         0  delay.o ABSOLUTE
    ..\\SYSTEM\\sys\\sys.c                   0x00000000   Number         0  sys.o ABSOLUTE
    ..\\SYSTEM\\usart\\usart.c               0x00000000   Number         0  usart.o ABSOLUTE
    cdcmple.s                                0x00000000   Number         0  cdcmple.o ABSOLUTE
    ct_ratio.c                               0x00000000   Number         0  ct_ratio.o ABSOLUTE
    ct_ratio.c                               0x00000000   Number         0  ct_ratio.o ABSOLUTE
    current_monitoring.c                     0x00000000   Number         0  current_monitoring.o ABSOLUTE
    current_monitoring.c                     0x00000000   Number         0  current_monitoring.o ABSOLUTE
    dc.s                                     0x00000000   Number         0  dc.o ABSOLUTE
    dsp_algo.c                               0x00000000   Number         0  dsp_algo.o ABSOLUTE
    dsp_algo.c                               0x00000000   Number         0  dsp_algo.o ABSOLUTE
    handlers.s                               0x00000000   Number         0  handlers.o ABSOLUTE
    init.s                                   0x00000000   Number         0  init.o ABSOLUTE
    main.c                                   0x00000000   Number         0  main.o ABSOLUTE
    main.c                                   0x00000000   Number         0  main.o ABSOLUTE
    modbus_slave.c                           0x00000000   Number         0  modbus_slave.o ABSOLUTE
    modbus_slave.c                           0x00000000   Number         0  modbus_slave.o ABSOLUTE
    protocol_dispatcher.c                    0x00000000   Number         0  protocol_dispatcher.o ABSOLUTE
    protocol_dispatcher.c                    0x00000000   Number         0  protocol_dispatcher.o ABSOLUTE
    sensor.c                                 0x00000000   Number         0  sensor.o ABSOLUTE
    sensor.c                                 0x00000000   Number         0  sensor.o ABSOLUTE
    stm32f4xx_it.c                           0x00000000   Number         0  stm32f4xx_it.o ABSOLUTE
    stm32f4xx_it.c                           0x00000000   Number         0  stm32f4xx_it.o ABSOLUTE
    sys_config.c                             0x00000000   Number         0  sys_config.o ABSOLUTE
    sys_config.c                             0x00000000   Number         0  sys_config.o ABSOLUTE
    sys_tick.c                               0x00000000   Number         0  sys_tick.o ABSOLUTE
    sys_tick.c                               0x00000000   Number         0  sys_tick.o ABSOLUTE
    system_stm32f4xx.c                       0x00000000   Number         0  system_stm32f4xx.o ABSOLUTE
    system_stm32f4xx.c                       0x00000000   Number         0  system_stm32f4xx.o ABSOLUTE
    w5500_driver.c                           0x00000000   Number         0  w5500_driver.o ABSOLUTE
    w5500_driver.c                           0x00000000   Number         0  w5500_driver.o ABSOLUTE
    RESET                                    0x08000000   Section      392  startup_stm32f40_41xxx.o(RESET)
    .ARM.Collect$$$$00000000                 0x08000188   Section        0  entry.o(.ARM.Collect$$$$00000000)
    .ARM.Collect$$$$00000001                 0x08000188   Section        4  entry2.o(.ARM.Collect$$$$00000001)
    .ARM.Collect$$$$00000004                 0x0800018c   Section        4  entry5.o(.ARM.Collect$$$$00000004)
    .ARM.Collect$$$$00000008                 0x08000190   Section        0  entry7b.o(.ARM.Collect$$$$00000008)
    .ARM.Collect$$$$0000000A                 0x08000190   Section        0  entry8b.o(.ARM.Collect$$$$0000000A)
    .ARM.Collect$$$$0000000B                 0x08000190   Section        8  entry9a.o(.ARM.Collect$$$$0000000B)
    .ARM.Collect$$$$0000000D                 0x08000198   Section        0  entry10a.o(.ARM.Collect$$$$0000000D)
    .ARM.Collect$$$$0000000F                 0x08000198   Section        0  entry11a.o(.ARM.Collect$$$$0000000F)
    .ARM.Collect$$$$00002712                 0x08000198   Section        4  entry2.o(.ARM.Collect$$$$00002712)
    __lit__00000000                          0x08000198   Data           4  entry2.o(.ARM.Collect$$$$00002712)
    .text                                    0x0800019c   Section       36  startup_stm32f40_41xxx.o(.text)
    $v0                                      0x0800019c   Number         0  startup_stm32f40_41xxx.o(.text)
    .text                                    0x080001c0   Section        0  memcpya.o(.text)
    .text                                    0x080001e4   Section        0  memseta.o(.text)
    .text                                    0x08000208   Section        0  dadd.o(.text)
    .text                                    0x08000356   Section        0  dmul.o(.text)
    .text                                    0x0800043a   Section        0  ddiv.o(.text)
    .text                                    0x08000518   Section        0  ffltul.o(.text)
    .text                                    0x08000534   Section        0  dfltui.o(.text)
    .text                                    0x0800054e   Section        0  dfltul.o(.text)
    .text                                    0x08000568   Section       48  cdcmple.o(.text)
    .text                                    0x08000598   Section        0  d2f.o(.text)
    .text                                    0x080005d0   Section        0  llshl.o(.text)
    .text                                    0x080005ee   Section        0  llsshr.o(.text)
    .text                                    0x08000612   Section        0  fepilogue.o(.text)
    .text                                    0x08000612   Section        0  iusefp.o(.text)
    .text                                    0x08000680   Section        0  depilogue.o(.text)
    .text                                    0x0800073a   Section        0  dsqrt.o(.text)
    .text                                    0x080007dc   Section       36  init.o(.text)
    .text                                    0x08000800   Section        0  llushr.o(.text)
    i.ADC_Cmd                                0x08000820   Section        0  stm32f4xx_adc.o(i.ADC_Cmd)
    i.ADC_CommonInit                         0x08000838   Section        0  stm32f4xx_adc.o(i.ADC_CommonInit)
    i.ADC_DMACmd                             0x08000860   Section        0  stm32f4xx_adc.o(i.ADC_DMACmd)
    i.ADC_DMARequestAfterLastTransferCmd     0x08000878   Section        0  stm32f4xx_adc.o(i.ADC_DMARequestAfterLastTransferCmd)
    i.ADC_DMA_Config                         0x08000890   Section        0  current_monitoring.o(i.ADC_DMA_Config)
    i.ADC_GetConversionValue                 0x080009f0   Section        0  stm32f4xx_adc.o(i.ADC_GetConversionValue)
    i.ADC_GetFlagStatus                      0x080009f6   Section        0  stm32f4xx_adc.o(i.ADC_GetFlagStatus)
    i.ADC_Init                               0x08000a04   Section        0  stm32f4xx_adc.o(i.ADC_Init)
    i.ADC_RegularChannelConfig               0x08000a50   Section        0  stm32f4xx_adc.o(i.ADC_RegularChannelConfig)
    i.ADC_SoftwareStartConv                  0x08000ac4   Section        0  stm32f4xx_adc.o(i.ADC_SoftwareStartConv)
    i.BusFault_Handler                       0x08000ace   Section        0  stm32f4xx_it.o(i.BusFault_Handler)
    i.Calc_Accumulate_VectorSum              0x08000ad0   Section        0  dsp_algo.o(i.Calc_Accumulate_VectorSum)
    i.Calc_Accumulate_WithAlign              0x08000bb0   Section        0  dsp_algo.o(i.Calc_Accumulate_WithAlign)
    i.Calc_GetFullWaveform                   0x08000da4   Section        0  dsp_algo.o(i.Calc_GetFullWaveform)
    i.Calc_GetVectorSumRMS                   0x080011b4   Section        0  dsp_algo.o(i.Calc_GetVectorSumRMS)
    i.Calc_Goertzel_Amplitude                0x08001290   Section        0  dsp_algo.o(i.Calc_Goertzel_Amplitude)
    Calc_Goertzel_Amplitude                  0x08001291   Thumb Code   178  dsp_algo.o(i.Calc_Goertzel_Amplitude)
    i.DMA2_Stream0_IRQHandler                0x0800134c   Section        0  current_monitoring.o(i.DMA2_Stream0_IRQHandler)
    i.DMA_ClearITPendingBit                  0x08001398   Section        0  stm32f4xx_dma.o(i.DMA_ClearITPendingBit)
    i.DMA_Cmd                                0x080013c4   Section        0  stm32f4xx_dma.o(i.DMA_Cmd)
    i.DMA_GetITStatus                        0x080013dc   Section        0  stm32f4xx_dma.o(i.DMA_GetITStatus)
    i.DMA_ITConfig                           0x08001430   Section        0  stm32f4xx_dma.o(i.DMA_ITConfig)
    i.DMA_Init                               0x08001464   Section        0  stm32f4xx_dma.o(i.DMA_Init)
    i.DSP_Algo_Init                          0x080014b8   Section        0  dsp_algo.o(i.DSP_Algo_Init)
    i.DebugMon_Handler                       0x0800153c   Section        0  stm32f4xx_it.o(i.DebugMon_Handler)
    i.Final_Deep_Processing                  0x08001540   Section        0  ct_ratio.o(i.Final_Deep_Processing)
    i.GPIO_Init                              0x08001904   Section        0  stm32f4xx_gpio.o(i.GPIO_Init)
    i.GPIO_PinAFConfig                       0x08001980   Section        0  stm32f4xx_gpio.o(i.GPIO_PinAFConfig)
    i.GPIO_ReadInputDataBit                  0x080019a0   Section        0  stm32f4xx_gpio.o(i.GPIO_ReadInputDataBit)
    i.GPIO_ResetBits                         0x080019ae   Section        0  stm32f4xx_gpio.o(i.GPIO_ResetBits)
    i.GPIO_SetBits                           0x080019b2   Section        0  stm32f4xx_gpio.o(i.GPIO_SetBits)
    i.Get_System_Time                        0x080019b8   Section        0  sys_tick.o(i.Get_System_Time)
    i.HardFault_Handler                      0x080019c4   Section        0  stm32f4xx_it.o(i.HardFault_Handler)
    i.LED_Init                               0x080019c8   Section        0  led.o(i.LED_Init)
    i.LED_Toggle                             0x08001a04   Section        0  led.o(i.LED_Toggle)
    i.MemManage_Handler                      0x08001a14   Section        0  stm32f4xx_it.o(i.MemManage_Handler)
    i.Modbus_CRC16                           0x08001a16   Section        0  modbus_slave.o(i.Modbus_CRC16)
    i.Modbus_Parse_And_Execute               0x08001a4c   Section        0  modbus_slave.o(i.Modbus_Parse_And_Execute)
    i.NMI_Handler                            0x08001b78   Section        0  stm32f4xx_it.o(i.NMI_Handler)
    i.NVIC_Init                              0x08001b7c   Section        0  misc.o(i.NVIC_Init)
    i.PendSV_Handler                         0x08001be4   Section        0  stm32f4xx_it.o(i.PendSV_Handler)
    i.Process_Cycle_Task                     0x08001be8   Section        0  current_monitoring.o(i.Process_Cycle_Task)
    i.Protocol_Dispatch                      0x08001ce4   Section        0  protocol_dispatcher.o(i.Protocol_Dispatch)
    i.RCC_AHB1PeriphClockCmd                 0x08001e34   Section        0  stm32f4xx_rcc.o(i.RCC_AHB1PeriphClockCmd)
    i.RCC_APB1PeriphClockCmd                 0x08001e50   Section        0  stm32f4xx_rcc.o(i.RCC_APB1PeriphClockCmd)
    i.RCC_APB2PeriphClockCmd                 0x08001e6c   Section        0  stm32f4xx_rcc.o(i.RCC_APB2PeriphClockCmd)
    i.RCC_GetClocksFreq                      0x08001e88   Section        0  stm32f4xx_rcc.o(i.RCC_GetClocksFreq)
    i.SVC_Handler                            0x08001f28   Section        0  stm32f4xx_it.o(i.SVC_Handler)
    i.SYS_Get_CT_Offset                      0x08001f2c   Section        0  sys_config.o(i.SYS_Get_CT_Offset)
    i.SYS_Get_CT_Ratio                       0x08001f60   Section        0  sys_config.o(i.SYS_Get_CT_Ratio)
    i.SYS_Get_Ch_Enable                      0x08001f90   Section        0  sys_config.o(i.SYS_Get_Ch_Enable)
    i.SYS_Init                               0x08001fa8   Section        0  sys_config.o(i.SYS_Init)
    i.SYS_Monitor_Cmd                        0x0800200c   Section        0  sys_config.o(i.SYS_Monitor_Cmd)
    i.SYS_Push_Float_To_Modbus               0x08002038   Section        0  sys_config.o(i.SYS_Push_Float_To_Modbus)
    i.SYS_Push_IEEE_Float_To_Modbus          0x0800206c   Section        0  sys_config.o(i.SYS_Push_IEEE_Float_To_Modbus)
    i.SYS_RestoreToFactory                   0x08002094   Section        0  sys_config.o(i.SYS_RestoreToFactory)
    i.SYS_Save_Config                        0x08002164   Section        0  sys_config.o(i.SYS_Save_Config)
    i.Sensor_Init                            0x08002210   Section        0  sensor.o(i.Sensor_Init)
    i.Sensor_Update_Task                     0x08002260   Section        0  sensor.o(i.Sensor_Update_Task)
    i.SetSysClock                            0x08002318   Section        0  system_stm32f4xx.o(i.SetSysClock)
    SetSysClock                              0x08002319   Thumb Code   168  system_stm32f4xx.o(i.SetSysClock)
    i.SysTick_Handler                        0x080023d0   Section        0  stm32f4xx_it.o(i.SysTick_Handler)
    i.SysTick_Timer_Init                     0x080023e0   Section        0  sys_tick.o(i.SysTick_Timer_Init)
    i.SystemInit                             0x0800242c   Section        0  system_stm32f4xx.o(i.SystemInit)
    i.TIM_Cmd                                0x08002488   Section        0  stm32f4xx_tim.o(i.TIM_Cmd)
    i.TIM_SelectOutputTrigger                0x080024a0   Section        0  stm32f4xx_tim.o(i.TIM_SelectOutputTrigger)
    i.TIM_TimeBaseInit                       0x080024b0   Section        0  stm32f4xx_tim.o(i.TIM_TimeBaseInit)
    i.UART_Send_Data                         0x0800252c   Section        0  usart.o(i.UART_Send_Data)
    i.USART1_IRQHandler                      0x08002578   Section        0  usart.o(i.USART1_IRQHandler)
    i.USART_Cmd                              0x080025e0   Section        0  stm32f4xx_usart.o(i.USART_Cmd)
    i.USART_GetITStatus                      0x080025f8   Section        0  stm32f4xx_usart.o(i.USART_GetITStatus)
    i.USART_ITConfig                         0x08002638   Section        0  stm32f4xx_usart.o(i.USART_ITConfig)
    i.USART_Init                             0x08002670   Section        0  stm32f4xx_usart.o(i.USART_Init)
    i.USART_ReceiveData                      0x0800272c   Section        0  stm32f4xx_usart.o(i.USART_ReceiveData)
    i.UsageFault_Handler                     0x08002734   Section        0  stm32f4xx_it.o(i.UsageFault_Handler)
    i.W5500_GPIO_Init                        0x08002738   Section        0  w5500_driver.o(i.W5500_GPIO_Init)
    i.W5500_Process                          0x080027e0   Section        0  w5500_driver.o(i.W5500_Process)
    i.W5500_ReadWriteByte                    0x0800286c   Section        0  w5500_driver.o(i.W5500_ReadWriteByte)
    i.W5500_Send_Packet                      0x080028c4   Section        0  w5500_driver.o(i.W5500_Send_Packet)
    i.W5500_Socket_Open                      0x080028ce   Section        0  w5500_driver.o(i.W5500_Socket_Open)
    i.W5500_Sync_Params                      0x080028d0   Section        0  w5500_driver.o(i.W5500_Sync_Params)
    i.WIZCHIP_READ                           0x08002968   Section        0  w5500.o(i.WIZCHIP_READ)
    i.WIZCHIP_READ_BUF                       0x080029c0   Section        0  w5500.o(i.WIZCHIP_READ_BUF)
    i.WIZCHIP_WRITE                          0x08002a34   Section        0  w5500.o(i.WIZCHIP_WRITE)
    i.WIZCHIP_WRITE_BUF                      0x08002a94   Section        0  w5500.o(i.WIZCHIP_WRITE_BUF)
    i.Wait_Ms                                0x08002b04   Section        0  sys_tick.o(i.Wait_Ms)
    i.__ARM_fpclassifyf                      0x08002b1a   Section        0  fpclassifyf.o(i.__ARM_fpclassifyf)
    i.__hardfp_cosf                          0x08002b40   Section        0  cosf.o(i.__hardfp_cosf)
    i.__hardfp_sinf                          0x08002c90   Section        0  sinf.o(i.__hardfp_sinf)
    i.__hardfp_sqrt                          0x08002e20   Section        0  sqrt.o(i.__hardfp_sqrt)
    i.__hardfp_sqrtf                         0x08002e9a   Section        0  sqrtf.o(i.__hardfp_sqrtf)
    i.__mathlib_flt_infnan                   0x08002ed4   Section        0  funder.o(i.__mathlib_flt_infnan)
    i.__mathlib_flt_invalid                  0x08002edc   Section        0  funder.o(i.__mathlib_flt_invalid)
    i.__mathlib_flt_underflow                0x08002eec   Section        0  funder.o(i.__mathlib_flt_underflow)
    i.__mathlib_rredf2                       0x08002efc   Section        0  rredf.o(i.__mathlib_rredf2)
    i.__scatterload_copy                     0x08003050   Section       14  handlers.o(i.__scatterload_copy)
    i.__scatterload_null                     0x0800305e   Section        2  handlers.o(i.__scatterload_null)
    i.__scatterload_zeroinit                 0x08003060   Section       14  handlers.o(i.__scatterload_zeroinit)
    i.__set_errno                            0x08003070   Section        0  errno.o(i.__set_errno)
    i.close                                  0x0800307c   Section        0  socket.o(i.close)
    i.ctlwizchip                             0x080030f8   Section        0  wizchip_conf.o(i.ctlwizchip)
    i.disconnect                             0x08003214   Section        0  socket.o(i.disconnect)
    i.getSn_RX_RSR                           0x080032b8   Section        0  w5500.o(i.getSn_RX_RSR)
    i.getSn_TX_FSR                           0x08003308   Section        0  w5500.o(i.getSn_TX_FSR)
    i.listen                                 0x08003356   Section        0  socket.o(i.listen)
    i.main                                   0x080033cc   Section        0  main.o(i.main)
    i.recv                                   0x080034b0   Section        0  socket.o(i.recv)
    i.reg_wizchip_cs_cbfunc                  0x0800359c   Section        0  wizchip_conf.o(i.reg_wizchip_cs_cbfunc)
    i.reg_wizchip_spi_cbfunc                 0x080035c0   Section        0  wizchip_conf.o(i.reg_wizchip_spi_cbfunc)
    i.send                                   0x080035ec   Section        0  socket.o(i.send)
    i.socket                                 0x08003770   Section        0  socket.o(i.socket)
    i.uart_init                              0x080038b8   Section        0  usart.o(i.uart_init)
    i.wiz_recv_data                          0x0800399c   Section        0  w5500.o(i.wiz_recv_data)
    i.wiz_send_data                          0x08003a04   Section        0  w5500.o(i.wiz_send_data)
    i.wizchip_bus_readdata                   0x08003a6c   Section        0  wizchip_conf.o(i.wizchip_bus_readdata)
    i.wizchip_bus_writedata                  0x08003a70   Section        0  wizchip_conf.o(i.wizchip_bus_writedata)
    i.wizchip_clrinterrupt                   0x08003a74   Section        0  wizchip_conf.o(i.wizchip_clrinterrupt)
    i.wizchip_cris_enter                     0x08003ab2   Section        0  wizchip_conf.o(i.wizchip_cris_enter)
    i.wizchip_cris_exit                      0x08003ab4   Section        0  wizchip_conf.o(i.wizchip_cris_exit)
    i.wizchip_cs_deselect                    0x08003ab6   Section        0  wizchip_conf.o(i.wizchip_cs_deselect)
    i.wizchip_cs_select                      0x08003ab8   Section        0  wizchip_conf.o(i.wizchip_cs_select)
    i.wizchip_deselect                       0x08003abc   Section        0  w5500_driver.o(i.wizchip_deselect)
    i.wizchip_getinterrupt                   0x08003ac8   Section        0  wizchip_conf.o(i.wizchip_getinterrupt)
    i.wizchip_getinterruptmask               0x08003ae6   Section        0  wizchip_conf.o(i.wizchip_getinterruptmask)
    i.wizchip_init                           0x08003b02   Section        0  wizchip_conf.o(i.wizchip_init)
    i.wizchip_read                           0x08003b90   Section        0  w5500_driver.o(i.wizchip_read)
    i.wizchip_select                         0x08003b98   Section        0  w5500_driver.o(i.wizchip_select)
    i.wizchip_setinterruptmask               0x08003ba4   Section        0  wizchip_conf.o(i.wizchip_setinterruptmask)
    i.wizchip_setnetinfo                     0x08003bc0   Section        0  wizchip_conf.o(i.wizchip_setnetinfo)
    i.wizchip_spi_readbyte                   0x08003c18   Section        0  wizchip_conf.o(i.wizchip_spi_readbyte)
    i.wizchip_spi_writebyte                  0x08003c1c   Section        0  wizchip_conf.o(i.wizchip_spi_writebyte)
    i.wizchip_sw_reset                       0x08003c1e   Section        0  wizchip_conf.o(i.wizchip_sw_reset)
    i.wizchip_write                          0x08003c92   Section        0  w5500_driver.o(i.wizchip_write)
    i.wizphy_getphyconf                      0x08003c96   Section        0  wizchip_conf.o(i.wizphy_getphyconf)
    i.wizphy_getphylink                      0x08003ce4   Section        0  wizchip_conf.o(i.wizphy_getphylink)
    i.wizphy_getphypmode                     0x08003cfa   Section        0  wizchip_conf.o(i.wizphy_getphypmode)
    i.wizphy_getphystat                      0x08003d14   Section        0  wizchip_conf.o(i.wizphy_getphystat)
    i.wizphy_reset                           0x08003d2e   Section        0  wizchip_conf.o(i.wizphy_reset)
    i.wizphy_setphyconf                      0x08003d58   Section        0  wizchip_conf.o(i.wizphy_setphyconf)
    i.wizphy_setphypmode                     0x08003da4   Section        0  wizchip_conf.o(i.wizphy_setphypmode)
    .constdata                               0x08003dfc   Section       39  w5500_driver.o(.constdata)
    .constdata                               0x08003e24   Section       32  rredf.o(.constdata)
    twooverpi                                0x08003e24   Data          32  rredf.o(.constdata)
    .data                                    0x20000000   Section        4  main.o(.data)
    .data                                    0x20000004   Section        8  sys_config.o(.data)
    .data                                    0x2000000c   Section        4  sys_tick.o(.data)
    .data                                    0x20000010   Section        4  sensor.o(.data)
    last_xtal_update_tick                    0x20000010   Data           4  sensor.o(.data)
    .data                                    0x20000014   Section        1  current_monitoring.o(.data)
    .data                                    0x20000015   Section        6  protocol_dispatcher.o(.data)
    mbap_header                              0x20000015   Data           6  protocol_dispatcher.o(.data)
    .data                                    0x2000001c   Section       20  system_stm32f4xx.o(.data)
    .data                                    0x20000030   Section        2  usart.o(.data)
    .data                                    0x20000032   Section       16  stm32f4xx_rcc.o(.data)
    APBAHBPrescTable                         0x20000032   Data          16  stm32f4xx_rcc.o(.data)
    .data                                    0x20000044   Section       36  dsp_algo.o(.data)
    g_ch_num                                 0x20000044   Data           1  dsp_algo.o(.data)
    g_points_per_period                      0x20000046   Data           2  dsp_algo.o(.data)
    g_settle_periods                         0x20000048   Data           2  dsp_algo.o(.data)
    g_sample_freq_hz                         0x2000004c   Data           4  dsp_algo.o(.data)
    g_ch_enable_cb                           0x20000050   Data           4  dsp_algo.o(.data)
    g_phase_sum_sq                           0x20000054   Data           4  dsp_algo.o(.data)
    g_channel_offset_raw                     0x20000058   Data           4  dsp_algo.o(.data)
    g_rms_history                            0x2000005c   Data           4  dsp_algo.o(.data)
    g_is_first_calc                          0x20000060   Data           4  dsp_algo.o(.data)
    ChDiag                                   0x20000064   Data           4  dsp_algo.o(.data)
    .data                                    0x20000068   Section       14  socket.o(.data)
    sock_any_port                            0x20000068   Data           2  socket.o(.data)
    sock_io_mode                             0x2000006a   Data           2  socket.o(.data)
    sock_is_sending                          0x2000006c   Data           2  socket.o(.data)
    .data                                    0x20000078   Section       52  wizchip_conf.o(.data)
    _DHCP_                                   0x20000078   Data           1  wizchip_conf.o(.data)
    _DNS_                                    0x20000079   Data           4  wizchip_conf.o(.data)
    .data                                    0x200000ac   Section        4  errno.o(.data)
    _errno                                   0x200000ac   Data           4  errno.o(.data)
    .bss                                     0x200000b0   Section     1024  sys_config.o(.bss)
    .bss                                     0x200004b0   Section     5000  sys_config.o(.bss)
    .bss                                     0x20001838   Section     4096  sys_config.o(.bss)
    .bss                                     0x20002838   Section       32  sensor.o(.bss)
    g_sensor_xtal_drift                      0x20002838   Data          32  sensor.o(.bss)
    .bss                                     0x20002858   Section    18452  current_monitoring.o(.bss)
    g_dsp_work_pool                          0x20002858   Data        8648  current_monitoring.o(.bss)
    ch_data_temp                             0x20004a20   Data         512  current_monitoring.o(.bss)
    w_res                                    0x20004c20   Data          76  current_monitoring.o(.bss)
    g_w_res_point_buf                        0x20006c6c   Data        1024  current_monitoring.o(.bss)
    .bss                                     0x2000706c   Section     5000  w5500_driver.o(.bss)
    g_rx_buf                                 0x2000706c   Data        5000  w5500_driver.o(.bss)
    .bss                                     0x200083f4   Section     1100  usart.o(.bss)
    .bss                                     0x20008840   Section       32  dsp_algo.o(.bss)
    g_vec_sum_sq                             0x20008840   Data          16  dsp_algo.o(.bss)
    g_vec_sum                                0x20008850   Data          16  dsp_algo.o(.bss)
    .bss                                     0x20008860   Section       16  socket.o(.bss)
    sock_remained_size                       0x20008860   Data          16  socket.o(.bss)
    STACK                                    0x20008870   Section     1024  startup_stm32f40_41xxx.o(STACK)

    Global Symbols

    Symbol Name                              Value     Ov Type        Size  Object(Section)

    BuildAttributes$$THM_ISAv4$E$P$D$K$B$S$7EM$VFPi3$EXTD16$VFPS$VFMA$PE$A:L22UL41UL21$X:L11$S22US41US21$IEEE1$IW$USESV6$~STKCKD$USESV7$~SHL$OTIME$ROPI$IEEEX$EBA8$MICROLIB$REQ8$PRES8$EABIv2 0x00000000   Number         0  anon$$obj.o ABSOLUTE
    __ARM_use_no_argv                        0x00000000   Number         0  main.o ABSOLUTE
    __use_no_errno                           0x00000000   Number         0  useno.o ABSOLUTE
    __use_no_exception_handling              0x00000000   Number         0  useno.o ABSOLUTE
    __use_no_fp                              0x00000000   Number         0  useno.o ABSOLUTE
    __use_no_heap                            0x00000000   Number         0  useno.o ABSOLUTE
    __use_no_heap_region                     0x00000000   Number         0  useno.o ABSOLUTE
    __use_no_semihosting                     0x00000000   Number         0  useno.o ABSOLUTE
    __use_no_semihosting_swi                 0x00000000   Number         0  useno.o ABSOLUTE
    __use_no_signal_handling                 0x00000000   Number         0  useno.o ABSOLUTE
    __cpp_initialize__aeabi_                  - Undefined Weak Reference
    __cxa_finalize                            - Undefined Weak Reference
    __decompress                              - Undefined Weak Reference
    _clock_init                               - Undefined Weak Reference
    _microlib_exit                            - Undefined Weak Reference
    __Vectors_Size                           0x00000188   Number         0  startup_stm32f40_41xxx.o ABSOLUTE
    __Vectors                                0x08000000   Data           4  startup_stm32f40_41xxx.o(RESET)
    __Vectors_End                            0x08000188   Data           0  startup_stm32f40_41xxx.o(RESET)
    __main                                   0x08000189   Thumb Code     0  entry.o(.ARM.Collect$$$$00000000)
    _main_stk                                0x08000189   Thumb Code     0  entry2.o(.ARM.Collect$$$$00000001)
    _main_scatterload                        0x0800018d   Thumb Code     0  entry5.o(.ARM.Collect$$$$00000004)
    __main_after_scatterload                 0x08000191   Thumb Code     0  entry5.o(.ARM.Collect$$$$00000004)
    _main_clock                              0x08000191   Thumb Code     0  entry7b.o(.ARM.Collect$$$$00000008)
    _main_cpp_init                           0x08000191   Thumb Code     0  entry8b.o(.ARM.Collect$$$$0000000A)
    _main_init                               0x08000191   Thumb Code     0  entry9a.o(.ARM.Collect$$$$0000000B)
    __rt_final_cpp                           0x08000199   Thumb Code     0  entry10a.o(.ARM.Collect$$$$0000000D)
    __rt_final_exit                          0x08000199   Thumb Code     0  entry11a.o(.ARM.Collect$$$$0000000F)
    Reset_Handler                            0x0800019d   Thumb Code     8  startup_stm32f40_41xxx.o(.text)
    ADC_IRQHandler                           0x080001b7   Thumb Code     0  startup_stm32f40_41xxx.o(.text)
    CAN1_RX0_IRQHandler                      0x080001b7   Thumb Code     0  startup_stm32f40_41xxx.o(.text)
    CAN1_RX1_IRQHandler                      0x080001b7   Thumb Code     0  startup_stm32f40_41xxx.o(.text)
    CAN1_SCE_IRQHandler                      0x080001b7   Thumb Code     0  startup_stm32f40_41xxx.o(.text)
    CAN1_TX_IRQHandler                       0x080001b7   Thumb Code     0  startup_stm32f40_41xxx.o(.text)
    CAN2_RX0_IRQHandler                      0x080001b7   Thumb Code     0  startup_stm32f40_41xxx.o(.text)
    CAN2_RX1_IRQHandler                      0x080001b7   Thumb Code     0  startup_stm32f40_41xxx.o(.text)
    CAN2_SCE_IRQHandler                      0x080001b7   Thumb Code     0  startup_stm32f40_41xxx.o(.text)
    CAN2_TX_IRQHandler                       0x080001b7   Thumb Code     0  startup_stm32f40_41xxx.o(.text)
    CRYP_IRQHandler                          0x080001b7   Thumb Code     0  startup_stm32f40_41xxx.o(.text)
    DCMI_IRQHandler                          0x080001b7   Thumb Code     0  startup_stm32f40_41xxx.o(.text)
    DMA1_Stream0_IRQHandler                  0x080001b7   Thumb Code     0  startup_stm32f40_41xxx.o(.text)
    DMA1_Stream1_IRQHandler                  0x080001b7   Thumb Code     0  startup_stm32f40_41xxx.o(.text)
    DMA1_Stream2_IRQHandler                  0x080001b7   Thumb Code     0  startup_stm32f40_41xxx.o(.text)
    DMA1_Stream3_IRQHandler                  0x080001b7   Thumb Code     0  startup_stm32f40_41xxx.o(.text)
    DMA1_Stream4_IRQHandler                  0x080001b7   Thumb Code     0  startup_stm32f40_41xxx.o(.text)
    DMA1_Stream5_IRQHandler                  0x080001b7   Thumb Code     0  startup_stm32f40_41xxx.o(.text)
    DMA1_Stream6_IRQHandler                  0x080001b7   Thumb Code     0  startup_stm32f40_41xxx.o(.text)
    DMA1_Stream7_IRQHandler                  0x080001b7   Thumb Code     0  startup_stm32f40_41xxx.o(.text)
    DMA2_Stream1_IRQHandler                  0x080001b7   Thumb Code     0  startup_stm32f40_41xxx.o(.text)
    DMA2_Stream2_IRQHandler                  0x080001b7   Thumb Code     0  startup_stm32f40_41xxx.o(.text)
    DMA2_Stream3_IRQHandler                  0x080001b7   Thumb Code     0  startup_stm32f40_41xxx.o(.text)
    DMA2_Stream4_IRQHandler                  0x080001b7   Thumb Code     0  startup_stm32f40_41xxx.o(.text)
    DMA2_Stream5_IRQHandler                  0x080001b7   Thumb Code     0  startup_stm32f40_41xxx.o(.text)
    DMA2_Stream6_IRQHandler                  0x080001b7   Thumb Code     0  startup_stm32f40_41xxx.o(.text)
    DMA2_Stream7_IRQHandler                  0x080001b7   Thumb Code     0  startup_stm32f40_41xxx.o(.text)
    ETH_IRQHandler                           0x080001b7   Thumb Code     0  startup_stm32f40_41xxx.o(.text)
    ETH_WKUP_IRQHandler                      0x080001b7   Thumb Code     0  startup_stm32f40_41xxx.o(.text)
    EXTI0_IRQHandler                         0x080001b7   Thumb Code     0  startup_stm32f40_41xxx.o(.text)
    EXTI15_10_IRQHandler                     0x080001b7   Thumb Code     0  startup_stm32f40_41xxx.o(.text)
    EXTI1_IRQHandler                         0x080001b7   Thumb Code     0  startup_stm32f40_41xxx.o(.text)
    EXTI2_IRQHandler                         0x080001b7   Thumb Code     0  startup_stm32f40_41xxx.o(.text)
    EXTI3_IRQHandler                         0x080001b7   Thumb Code     0  startup_stm32f40_41xxx.o(.text)
    EXTI4_IRQHandler                         0x080001b7   Thumb Code     0  startup_stm32f40_41xxx.o(.text)
    EXTI9_5_IRQHandler                       0x080001b7   Thumb Code     0  startup_stm32f40_41xxx.o(.text)
    FLASH_IRQHandler                         0x080001b7   Thumb Code     0  startup_stm32f40_41xxx.o(.text)
    FPU_IRQHandler                           0x080001b7   Thumb Code     0  startup_stm32f40_41xxx.o(.text)
    FSMC_IRQHandler                          0x080001b7   Thumb Code     0  startup_stm32f40_41xxx.o(.text)
    HASH_RNG_IRQHandler                      0x080001b7   Thumb Code     0  startup_stm32f40_41xxx.o(.text)
    I2C1_ER_IRQHandler                       0x080001b7   Thumb Code     0  startup_stm32f40_41xxx.o(.text)
    I2C1_EV_IRQHandler                       0x080001b7   Thumb Code     0  startup_stm32f40_41xxx.o(.text)
    I2C2_ER_IRQHandler                       0x080001b7   Thumb Code     0  startup_stm32f40_41xxx.o(.text)
    I2C2_EV_IRQHandler                       0x080001b7   Thumb Code     0  startup_stm32f40_41xxx.o(.text)
    I2C3_ER_IRQHandler                       0x080001b7   Thumb Code     0  startup_stm32f40_41xxx.o(.text)
    I2C3_EV_IRQHandler                       0x080001b7   Thumb Code     0  startup_stm32f40_41xxx.o(.text)
    OTG_FS_IRQHandler                        0x080001b7   Thumb Code     0  startup_stm32f40_41xxx.o(.text)
    OTG_FS_WKUP_IRQHandler                   0x080001b7   Thumb Code     0  startup_stm32f40_41xxx.o(.text)
    OTG_HS_EP1_IN_IRQHandler                 0x080001b7   Thumb Code     0  startup_stm32f40_41xxx.o(.text)
    OTG_HS_EP1_OUT_IRQHandler                0x080001b7   Thumb Code     0  startup_stm32f40_41xxx.o(.text)
    OTG_HS_IRQHandler                        0x080001b7   Thumb Code     0  startup_stm32f40_41xxx.o(.text)
    OTG_HS_WKUP_IRQHandler                   0x080001b7   Thumb Code     0  startup_stm32f40_41xxx.o(.text)
    PVD_IRQHandler                           0x080001b7   Thumb Code     0  startup_stm32f40_41xxx.o(.text)
    RCC_IRQHandler                           0x080001b7   Thumb Code     0  startup_stm32f40_41xxx.o(.text)
    RTC_Alarm_IRQHandler                     0x080001b7   Thumb Code     0  startup_stm32f40_41xxx.o(.text)
    RTC_WKUP_IRQHandler                      0x080001b7   Thumb Code     0  startup_stm32f40_41xxx.o(.text)
    SDIO_IRQHandler                          0x080001b7   Thumb Code     0  startup_stm32f40_41xxx.o(.text)
    SPI1_IRQHandler                          0x080001b7   Thumb Code     0  startup_stm32f40_41xxx.o(.text)
    SPI2_IRQHandler                          0x080001b7   Thumb Code     0  startup_stm32f40_41xxx.o(.text)
    SPI3_IRQHandler                          0x080001b7   Thumb Code     0  startup_stm32f40_41xxx.o(.text)
    TAMP_STAMP_IRQHandler                    0x080001b7   Thumb Code     0  startup_stm32f40_41xxx.o(.text)
    TIM1_BRK_TIM9_IRQHandler                 0x080001b7   Thumb Code     0  startup_stm32f40_41xxx.o(.text)
    TIM1_CC_IRQHandler                       0x080001b7   Thumb Code     0  startup_stm32f40_41xxx.o(.text)
    TIM1_TRG_COM_TIM11_IRQHandler            0x080001b7   Thumb Code     0  startup_stm32f40_41xxx.o(.text)
    TIM1_UP_TIM10_IRQHandler                 0x080001b7   Thumb Code     0  startup_stm32f40_41xxx.o(.text)
    TIM2_IRQHandler                          0x080001b7   Thumb Code     0  startup_stm32f40_41xxx.o(.text)
    TIM3_IRQHandler                          0x080001b7   Thumb Code     0  startup_stm32f40_41xxx.o(.text)
    TIM4_IRQHandler                          0x080001b7   Thumb Code     0  startup_stm32f40_41xxx.o(.text)
    TIM5_IRQHandler                          0x080001b7   Thumb Code     0  startup_stm32f40_41xxx.o(.text)
    TIM6_DAC_IRQHandler                      0x080001b7   Thumb Code     0  startup_stm32f40_41xxx.o(.text)
    TIM7_IRQHandler                          0x080001b7   Thumb Code     0  startup_stm32f40_41xxx.o(.text)
    TIM8_BRK_TIM12_IRQHandler                0x080001b7   Thumb Code     0  startup_stm32f40_41xxx.o(.text)
    TIM8_CC_IRQHandler                       0x080001b7   Thumb Code     0  startup_stm32f40_41xxx.o(.text)
    TIM8_TRG_COM_TIM14_IRQHandler            0x080001b7   Thumb Code     0  startup_stm32f40_41xxx.o(.text)
    TIM8_UP_TIM13_IRQHandler                 0x080001b7   Thumb Code     0  startup_stm32f40_41xxx.o(.text)
    UART4_IRQHandler                         0x080001b7   Thumb Code     0  startup_stm32f40_41xxx.o(.text)
    UART5_IRQHandler                         0x080001b7   Thumb Code     0  startup_stm32f40_41xxx.o(.text)
    USART2_IRQHandler                        0x080001b7   Thumb Code     0  startup_stm32f40_41xxx.o(.text)
    USART3_IRQHandler                        0x080001b7   Thumb Code     0  startup_stm32f40_41xxx.o(.text)
    USART6_IRQHandler                        0x080001b7   Thumb Code     0  startup_stm32f40_41xxx.o(.text)
    WWDG_IRQHandler                          0x080001b7   Thumb Code     0  startup_stm32f40_41xxx.o(.text)
    __aeabi_memcpy                           0x080001c1   Thumb Code    36  memcpya.o(.text)
    __aeabi_memcpy4                          0x080001c1   Thumb Code     0  memcpya.o(.text)
    __aeabi_memcpy8                          0x080001c1   Thumb Code     0  memcpya.o(.text)
    __aeabi_memset                           0x080001e5   Thumb Code    14  memseta.o(.text)
    __aeabi_memset4                          0x080001e5   Thumb Code     0  memseta.o(.text)
    __aeabi_memset8                          0x080001e5   Thumb Code     0  memseta.o(.text)
    __aeabi_memclr                           0x080001f3   Thumb Code     4  memseta.o(.text)
    __aeabi_memclr4                          0x080001f3   Thumb Code     0  memseta.o(.text)
    __aeabi_memclr8                          0x080001f3   Thumb Code     0  memseta.o(.text)
    _memset$wrapper                          0x080001f7   Thumb Code    18  memseta.o(.text)
    __aeabi_dadd                             0x08000209   Thumb Code   322  dadd.o(.text)
    __aeabi_dsub                             0x0800034b   Thumb Code     6  dadd.o(.text)
    __aeabi_drsub                            0x08000351   Thumb Code     6  dadd.o(.text)
    __aeabi_dmul                             0x08000357   Thumb Code   228  dmul.o(.text)
    __aeabi_ddiv                             0x0800043b   Thumb Code   222  ddiv.o(.text)
    __aeabi_ul2f                             0x08000519   Thumb Code    28  ffltul.o(.text)
    __aeabi_ui2d                             0x08000535   Thumb Code    26  dfltui.o(.text)
    __aeabi_ul2d                             0x0800054f   Thumb Code    24  dfltul.o(.text)
    __aeabi_cdcmpeq                          0x08000569   Thumb Code     0  cdcmple.o(.text)
    __aeabi_cdcmple                          0x08000569   Thumb Code    48  cdcmple.o(.text)
    __aeabi_d2f                              0x08000599   Thumb Code    56  d2f.o(.text)
    __aeabi_llsl                             0x080005d1   Thumb Code    30  llshl.o(.text)
    _ll_shift_l                              0x080005d1   Thumb Code     0  llshl.o(.text)
    __aeabi_lasr                             0x080005ef   Thumb Code    36  llsshr.o(.text)
    _ll_sshift_r                             0x080005ef   Thumb Code     0  llsshr.o(.text)
    __I$use$fp                               0x08000613   Thumb Code     0  iusefp.o(.text)
    _float_round                             0x08000613   Thumb Code    18  fepilogue.o(.text)
    _float_epilogue                          0x08000625   Thumb Code    92  fepilogue.o(.text)
    _double_round                            0x08000681   Thumb Code    30  depilogue.o(.text)
    _double_epilogue                         0x0800069f   Thumb Code   156  depilogue.o(.text)
    _dsqrt                                   0x0800073b   Thumb Code   162  dsqrt.o(.text)
    __scatterload                            0x080007dd   Thumb Code    28  init.o(.text)
    __scatterload_rt2                        0x080007dd   Thumb Code     0  init.o(.text)
    __aeabi_llsr                             0x08000801   Thumb Code    32  llushr.o(.text)
    _ll_ushift_r                             0x08000801   Thumb Code     0  llushr.o(.text)
    ADC_Cmd                                  0x08000821   Thumb Code    24  stm32f4xx_adc.o(i.ADC_Cmd)
    ADC_CommonInit                           0x08000839   Thumb Code    30  stm32f4xx_adc.o(i.ADC_CommonInit)
    ADC_DMACmd                               0x08000861   Thumb Code    24  stm32f4xx_adc.o(i.ADC_DMACmd)
    ADC_DMARequestAfterLastTransferCmd       0x08000879   Thumb Code    24  stm32f4xx_adc.o(i.ADC_DMARequestAfterLastTransferCmd)
    ADC_DMA_Config                           0x08000891   Thumb Code   318  current_monitoring.o(i.ADC_DMA_Config)
    ADC_GetConversionValue                   0x080009f1   Thumb Code     6  stm32f4xx_adc.o(i.ADC_GetConversionValue)
    ADC_GetFlagStatus                        0x080009f7   Thumb Code    14  stm32f4xx_adc.o(i.ADC_GetFlagStatus)
    ADC_Init                                 0x08000a05   Thumb Code    66  stm32f4xx_adc.o(i.ADC_Init)
    ADC_RegularChannelConfig                 0x08000a51   Thumb Code   116  stm32f4xx_adc.o(i.ADC_RegularChannelConfig)
    ADC_SoftwareStartConv                    0x08000ac5   Thumb Code    10  stm32f4xx_adc.o(i.ADC_SoftwareStartConv)
    BusFault_Handler                         0x08000acf   Thumb Code     2  stm32f4xx_it.o(i.BusFault_Handler)
    Calc_Accumulate_VectorSum                0x08000ad1   Thumb Code   216  dsp_algo.o(i.Calc_Accumulate_VectorSum)
    Calc_Accumulate_WithAlign                0x08000bb1   Thumb Code   488  dsp_algo.o(i.Calc_Accumulate_WithAlign)
    Calc_GetFullWaveform                     0x08000da5   Thumb Code   986  dsp_algo.o(i.Calc_GetFullWaveform)
    Calc_GetVectorSumRMS                     0x080011b5   Thumb Code   200  dsp_algo.o(i.Calc_GetVectorSumRMS)
    DMA2_Stream0_IRQHandler                  0x0800134d   Thumb Code    58  current_monitoring.o(i.DMA2_Stream0_IRQHandler)
    DMA_ClearITPendingBit                    0x08001399   Thumb Code    32  stm32f4xx_dma.o(i.DMA_ClearITPendingBit)
    DMA_Cmd                                  0x080013c5   Thumb Code    24  stm32f4xx_dma.o(i.DMA_Cmd)
    DMA_GetITStatus                          0x080013dd   Thumb Code    68  stm32f4xx_dma.o(i.DMA_GetITStatus)
    DMA_ITConfig                             0x08001431   Thumb Code    50  stm32f4xx_dma.o(i.DMA_ITConfig)
    DMA_Init                                 0x08001465   Thumb Code    80  stm32f4xx_dma.o(i.DMA_Init)
    DSP_Algo_Init                            0x080014b9   Thumb Code   128  dsp_algo.o(i.DSP_Algo_Init)
    DebugMon_Handler                         0x0800153d   Thumb Code     2  stm32f4xx_it.o(i.DebugMon_Handler)
    Final_Deep_Processing                    0x08001541   Thumb Code   942  ct_ratio.o(i.Final_Deep_Processing)
    GPIO_Init                                0x08001905   Thumb Code   124  stm32f4xx_gpio.o(i.GPIO_Init)
    GPIO_PinAFConfig                         0x08001981   Thumb Code    32  stm32f4xx_gpio.o(i.GPIO_PinAFConfig)
    GPIO_ReadInputDataBit                    0x080019a1   Thumb Code    14  stm32f4xx_gpio.o(i.GPIO_ReadInputDataBit)
    GPIO_ResetBits                           0x080019af   Thumb Code     4  stm32f4xx_gpio.o(i.GPIO_ResetBits)
    GPIO_SetBits                             0x080019b3   Thumb Code     4  stm32f4xx_gpio.o(i.GPIO_SetBits)
    Get_System_Time                          0x080019b9   Thumb Code     6  sys_tick.o(i.Get_System_Time)
    HardFault_Handler                        0x080019c5   Thumb Code     2  stm32f4xx_it.o(i.HardFault_Handler)
    LED_Init                                 0x080019c9   Thumb Code    54  led.o(i.LED_Init)
    LED_Toggle                               0x08001a05   Thumb Code    12  led.o(i.LED_Toggle)
    MemManage_Handler                        0x08001a15   Thumb Code     2  stm32f4xx_it.o(i.MemManage_Handler)
    Modbus_CRC16                             0x08001a17   Thumb Code    52  modbus_slave.o(i.Modbus_CRC16)
    Modbus_Parse_And_Execute                 0x08001a4d   Thumb Code   294  modbus_slave.o(i.Modbus_Parse_And_Execute)
    NMI_Handler                              0x08001b79   Thumb Code     2  stm32f4xx_it.o(i.NMI_Handler)
    NVIC_Init                                0x08001b7d   Thumb Code    98  misc.o(i.NVIC_Init)
    PendSV_Handler                           0x08001be5   Thumb Code     2  stm32f4xx_it.o(i.PendSV_Handler)
    Process_Cycle_Task                       0x08001be9   Thumb Code   230  current_monitoring.o(i.Process_Cycle_Task)
    Protocol_Dispatch                        0x08001ce5   Thumb Code   320  protocol_dispatcher.o(i.Protocol_Dispatch)
    RCC_AHB1PeriphClockCmd                   0x08001e35   Thumb Code    22  stm32f4xx_rcc.o(i.RCC_AHB1PeriphClockCmd)
    RCC_APB1PeriphClockCmd                   0x08001e51   Thumb Code    22  stm32f4xx_rcc.o(i.RCC_APB1PeriphClockCmd)
    RCC_APB2PeriphClockCmd                   0x08001e6d   Thumb Code    22  stm32f4xx_rcc.o(i.RCC_APB2PeriphClockCmd)
    RCC_GetClocksFreq                        0x08001e89   Thumb Code   148  stm32f4xx_rcc.o(i.RCC_GetClocksFreq)
    SVC_Handler                              0x08001f29   Thumb Code     2  stm32f4xx_it.o(i.SVC_Handler)
    SYS_Get_CT_Offset                        0x08001f2d   Thumb Code    42  sys_config.o(i.SYS_Get_CT_Offset)
    SYS_Get_CT_Ratio                         0x08001f61   Thumb Code    42  sys_config.o(i.SYS_Get_CT_Ratio)
    SYS_Get_Ch_Enable                        0x08001f91   Thumb Code    18  sys_config.o(i.SYS_Get_Ch_Enable)
    SYS_Init                                 0x08001fa9   Thumb Code    88  sys_config.o(i.SYS_Init)
    SYS_Monitor_Cmd                          0x0800200d   Thumb Code    40  sys_config.o(i.SYS_Monitor_Cmd)
    SYS_Push_Float_To_Modbus                 0x08002039   Thumb Code    42  sys_config.o(i.SYS_Push_Float_To_Modbus)
    SYS_Push_IEEE_Float_To_Modbus            0x0800206d   Thumb Code    34  sys_config.o(i.SYS_Push_IEEE_Float_To_Modbus)
    SYS_RestoreToFactory                     0x08002095   Thumb Code   188  sys_config.o(i.SYS_RestoreToFactory)
    SYS_Save_Config                          0x08002165   Thumb Code   150  sys_config.o(i.SYS_Save_Config)
    Sensor_Init                              0x08002211   Thumb Code    64  sensor.o(i.Sensor_Init)
    Sensor_Update_Task                       0x08002261   Thumb Code   152  sensor.o(i.Sensor_Update_Task)
    SysTick_Handler                          0x080023d1   Thumb Code    10  stm32f4xx_it.o(i.SysTick_Handler)
    SysTick_Timer_Init                       0x080023e1   Thumb Code    62  sys_tick.o(i.SysTick_Timer_Init)
    SystemInit                               0x0800242d   Thumb Code    74  system_stm32f4xx.o(i.SystemInit)
    TIM_Cmd                                  0x08002489   Thumb Code    24  stm32f4xx_tim.o(i.TIM_Cmd)
    TIM_SelectOutputTrigger                  0x080024a1   Thumb Code    16  stm32f4xx_tim.o(i.TIM_SelectOutputTrigger)
    TIM_TimeBaseInit                         0x080024b1   Thumb Code    96  stm32f4xx_tim.o(i.TIM_TimeBaseInit)
    UART_Send_Data                           0x0800252d   Thumb Code    66  usart.o(i.UART_Send_Data)
    USART1_IRQHandler                        0x08002579   Thumb Code    90  usart.o(i.USART1_IRQHandler)
    USART_Cmd                                0x080025e1   Thumb Code    24  stm32f4xx_usart.o(i.USART_Cmd)
    USART_GetITStatus                        0x080025f9   Thumb Code    64  stm32f4xx_usart.o(i.USART_GetITStatus)
    USART_ITConfig                           0x08002639   Thumb Code    54  stm32f4xx_usart.o(i.USART_ITConfig)
    USART_Init                               0x08002671   Thumb Code   180  stm32f4xx_usart.o(i.USART_Init)
    USART_ReceiveData                        0x0800272d   Thumb Code     8  stm32f4xx_usart.o(i.USART_ReceiveData)
    UsageFault_Handler                       0x08002735   Thumb Code     2  stm32f4xx_it.o(i.UsageFault_Handler)
    W5500_GPIO_Init                          0x08002739   Thumb Code   142  w5500_driver.o(i.W5500_GPIO_Init)
    W5500_Process                            0x080027e1   Thumb Code   136  w5500_driver.o(i.W5500_Process)
    W5500_ReadWriteByte                      0x0800286d   Thumb Code    84  w5500_driver.o(i.W5500_ReadWriteByte)
    W5500_Send_Packet                        0x080028c5   Thumb Code    10  w5500_driver.o(i.W5500_Send_Packet)
    W5500_Socket_Open                        0x080028cf   Thumb Code     2  w5500_driver.o(i.W5500_Socket_Open)
    W5500_Sync_Params                        0x080028d1   Thumb Code   136  w5500_driver.o(i.W5500_Sync_Params)
    WIZCHIP_READ                             0x08002969   Thumb Code    84  w5500.o(i.WIZCHIP_READ)
    WIZCHIP_READ_BUF                         0x080029c1   Thumb Code   110  w5500.o(i.WIZCHIP_READ_BUF)
    WIZCHIP_WRITE                            0x08002a35   Thumb Code    90  w5500.o(i.WIZCHIP_WRITE)
    WIZCHIP_WRITE_BUF                        0x08002a95   Thumb Code   108  w5500.o(i.WIZCHIP_WRITE_BUF)
    Wait_Ms                                  0x08002b05   Thumb Code    22  sys_tick.o(i.Wait_Ms)
    __ARM_fpclassifyf                        0x08002b1b   Thumb Code    38  fpclassifyf.o(i.__ARM_fpclassifyf)
    __hardfp_cosf                            0x08002b41   Thumb Code   280  cosf.o(i.__hardfp_cosf)
    __hardfp_sinf                            0x08002c91   Thumb Code   344  sinf.o(i.__hardfp_sinf)
    __hardfp_sqrt                            0x08002e21   Thumb Code   122  sqrt.o(i.__hardfp_sqrt)
    __hardfp_sqrtf                           0x08002e9b   Thumb Code    58  sqrtf.o(i.__hardfp_sqrtf)
    __mathlib_flt_infnan                     0x08002ed5   Thumb Code     6  funder.o(i.__mathlib_flt_infnan)
    __mathlib_flt_invalid                    0x08002edd   Thumb Code    10  funder.o(i.__mathlib_flt_invalid)
    __mathlib_flt_underflow                  0x08002eed   Thumb Code    10  funder.o(i.__mathlib_flt_underflow)
    __mathlib_rredf2                         0x08002efd   Thumb Code   316  rredf.o(i.__mathlib_rredf2)
    __scatterload_copy                       0x08003051   Thumb Code    14  handlers.o(i.__scatterload_copy)
    __scatterload_null                       0x0800305f   Thumb Code     2  handlers.o(i.__scatterload_null)
    __scatterload_zeroinit                   0x08003061   Thumb Code    14  handlers.o(i.__scatterload_zeroinit)
    __set_errno                              0x08003071   Thumb Code     6  errno.o(i.__set_errno)
    close                                    0x0800307d   Thumb Code   114  socket.o(i.close)
    ctlwizchip                               0x080030f9   Thumb Code   278  wizchip_conf.o(i.ctlwizchip)
    disconnect                               0x08003215   Thumb Code   160  socket.o(i.disconnect)
    getSn_RX_RSR                             0x080032b9   Thumb Code    80  w5500.o(i.getSn_RX_RSR)
    getSn_TX_FSR                             0x08003309   Thumb Code    78  w5500.o(i.getSn_TX_FSR)
    listen                                   0x08003357   Thumb Code   116  socket.o(i.listen)
    main                                     0x080033cd   Thumb Code   210  main.o(i.main)
    recv                                     0x080034b1   Thumb Code   232  socket.o(i.recv)
    reg_wizchip_cs_cbfunc                    0x0800359d   Thumb Code    24  wizchip_conf.o(i.reg_wizchip_cs_cbfunc)
    reg_wizchip_spi_cbfunc                   0x080035c1   Thumb Code    30  wizchip_conf.o(i.reg_wizchip_spi_cbfunc)
    send                                     0x080035ed   Thumb Code   382  socket.o(i.send)
    socket                                   0x08003771   Thumb Code   318  socket.o(i.socket)
    uart_init                                0x080038b9   Thumb Code   220  usart.o(i.uart_init)
    wiz_recv_data                            0x0800399d   Thumb Code   104  w5500.o(i.wiz_recv_data)
    wiz_send_data                            0x08003a05   Thumb Code   104  w5500.o(i.wiz_send_data)
    wizchip_bus_readdata                     0x08003a6d   Thumb Code     4  wizchip_conf.o(i.wizchip_bus_readdata)
    wizchip_bus_writedata                    0x08003a71   Thumb Code     4  wizchip_conf.o(i.wizchip_bus_writedata)
    wizchip_clrinterrupt                     0x08003a75   Thumb Code    62  wizchip_conf.o(i.wizchip_clrinterrupt)
    wizchip_cris_enter                       0x08003ab3   Thumb Code     2  wizchip_conf.o(i.wizchip_cris_enter)
    wizchip_cris_exit                        0x08003ab5   Thumb Code     2  wizchip_conf.o(i.wizchip_cris_exit)
    wizchip_cs_deselect                      0x08003ab7   Thumb Code     2  wizchip_conf.o(i.wizchip_cs_deselect)
    wizchip_cs_select                        0x08003ab9   Thumb Code     2  wizchip_conf.o(i.wizchip_cs_select)
    wizchip_deselect                         0x08003abd   Thumb Code     8  w5500_driver.o(i.wizchip_deselect)
    wizchip_getinterrupt                     0x08003ac9   Thumb Code    30  wizchip_conf.o(i.wizchip_getinterrupt)
    wizchip_getinterruptmask                 0x08003ae7   Thumb Code    28  wizchip_conf.o(i.wizchip_getinterruptmask)
    wizchip_init                             0x08003b03   Thumb Code   142  wizchip_conf.o(i.wizchip_init)
    wizchip_read                             0x08003b91   Thumb Code     6  w5500_driver.o(i.wizchip_read)
    wizchip_select                           0x08003b99   Thumb Code     8  w5500_driver.o(i.wizchip_select)
    wizchip_setinterruptmask                 0x08003ba5   Thumb Code    28  wizchip_conf.o(i.wizchip_setinterruptmask)
    wizchip_setnetinfo                       0x08003bc1   Thumb Code    82  wizchip_conf.o(i.wizchip_setnetinfo)
    wizchip_spi_readbyte                     0x08003c19   Thumb Code     4  wizchip_conf.o(i.wizchip_spi_readbyte)
    wizchip_spi_writebyte                    0x08003c1d   Thumb Code     2  wizchip_conf.o(i.wizchip_spi_writebyte)
    wizchip_sw_reset                         0x08003c1f   Thumb Code   116  wizchip_conf.o(i.wizchip_sw_reset)
    wizchip_write                            0x08003c93   Thumb Code     4  w5500_driver.o(i.wizchip_write)
    wizphy_getphyconf                        0x08003c97   Thumb Code    78  wizchip_conf.o(i.wizphy_getphyconf)
    wizphy_getphylink                        0x08003ce5   Thumb Code    22  wizchip_conf.o(i.wizphy_getphylink)
    wizphy_getphypmode                       0x08003cfb   Thumb Code    26  wizchip_conf.o(i.wizphy_getphypmode)
    wizphy_getphystat                        0x08003d15   Thumb Code    26  wizchip_conf.o(i.wizphy_getphystat)
    wizphy_reset                             0x08003d2f   Thumb Code    42  wizchip_conf.o(i.wizphy_reset)
    wizphy_setphyconf                        0x08003d59   Thumb Code    76  wizchip_conf.o(i.wizphy_setphyconf)
    wizphy_setphypmode                       0x08003da5   Thumb Code    88  wizchip_conf.o(i.wizphy_setphypmode)
    Region$$Table$$Base                      0x08003e44   Number         0  anon$$obj.o(Region$$Table)
    Region$$Table$$Limit                     0x08003e64   Number         0  anon$$obj.o(Region$$Table)
    last_tick                                0x20000000   Data           4  main.o(.data)
    g_sys_xtal_en                            0x20000004   Data           1  sys_config.o(.data)
    g_sys_now_temp                           0x20000008   Data           4  sys_config.o(.data)
    g_sys_tick                               0x2000000c   Data           4  sys_tick.o(.data)
    latest_ready_idx                         0x20000014   Data           1  current_monitoring.o(.data)
    SystemCoreClock                          0x2000001c   Data           4  system_stm32f4xx.o(.data)
    AHBPrescTable                            0x20000020   Data          16  system_stm32f4xx.o(.data)
    USART_RX_STA                             0x20000030   Data           2  usart.o(.data)
    sock_pack_info                           0x2000006e   Data           8  socket.o(.data)
    WIZCHIP                                  0x20000080   Data          44  wizchip_conf.o(.data)
    g_modbus_regs                            0x200000b0   Data        1024  sys_config.o(.bss)
    response_buf                             0x200004b0   Data        5000  sys_config.o(.bss)
    g_waveform_data                          0x20001838   Data        4096  sys_config.o(.bss)
    ADC_CycleBuffer                          0x20004c6c   Data        8192  current_monitoring.o(.bss)
    USART_RX_BUF                             0x200083f4   Data        1100  usart.o(.bss)
    __initial_sp                             0x20008c70   Data           0  startup_stm32f40_41xxx.o(STACK)



==============================================================================

Memory Map of the image

  Image Entry point : 0x08000189

  Load Region LR_IROM1 (Base: 0x08000000, Size: 0x00003f14, Max: 0x00100000, ABSOLUTE)

    Execution Region ER_IROM1 (Exec base: 0x08000000, Load base: 0x08000000, Size: 0x00003e64, Max: 0x00100000, ABSOLUTE)

    Exec Addr    Load Addr    Size         Type   Attr      Idx    E Section Name        Object

    0x08000000   0x08000000   0x00000188   Data   RO          946    RESET               startup_stm32f40_41xxx.o
    0x08000188   0x08000188   0x00000000   Code   RO         3297  * .ARM.Collect$$$$00000000  mc_w.l(entry.o)
    0x08000188   0x08000188   0x00000004   Code   RO         3341    .ARM.Collect$$$$00000001  mc_w.l(entry2.o)
    0x0800018c   0x0800018c   0x00000004   Code   RO         3344    .ARM.Collect$$$$00000004  mc_w.l(entry5.o)
    0x08000190   0x08000190   0x00000000   Code   RO         3346    .ARM.Collect$$$$00000008  mc_w.l(entry7b.o)
    0x08000190   0x08000190   0x00000000   Code   RO         3348    .ARM.Collect$$$$0000000A  mc_w.l(entry8b.o)
    0x08000190   0x08000190   0x00000008   Code   RO         3349    .ARM.Collect$$$$0000000B  mc_w.l(entry9a.o)
    0x08000198   0x08000198   0x00000000   Code   RO         3351    .ARM.Collect$$$$0000000D  mc_w.l(entry10a.o)
    0x08000198   0x08000198   0x00000000   Code   RO         3353    .ARM.Collect$$$$0000000F  mc_w.l(entry11a.o)
    0x08000198   0x08000198   0x00000004   Code   RO         3342    .ARM.Collect$$$$00002712  mc_w.l(entry2.o)
    0x0800019c   0x0800019c   0x00000024   Code   RO          947    .text               startup_stm32f40_41xxx.o
    0x080001c0   0x080001c0   0x00000024   Code   RO         3300    .text               mc_w.l(memcpya.o)
    0x080001e4   0x080001e4   0x00000024   Code   RO         3302    .text               mc_w.l(memseta.o)
    0x08000208   0x08000208   0x0000014e   Code   RO         3306    .text               mf_w.l(dadd.o)
    0x08000356   0x08000356   0x000000e4   Code   RO         3308    .text               mf_w.l(dmul.o)
    0x0800043a   0x0800043a   0x000000de   Code   RO         3310    .text               mf_w.l(ddiv.o)
    0x08000518   0x08000518   0x0000001c   Code   RO         3312    .text               mf_w.l(ffltul.o)
    0x08000534   0x08000534   0x0000001a   Code   RO         3314    .text               mf_w.l(dfltui.o)
    0x0800054e   0x0800054e   0x00000018   Code   RO         3316    .text               mf_w.l(dfltul.o)
    0x08000566   0x08000566   0x00000002   PAD
    0x08000568   0x08000568   0x00000030   Code   RO         3318    .text               mf_w.l(cdcmple.o)
    0x08000598   0x08000598   0x00000038   Code   RO         3320    .text               mf_w.l(d2f.o)
    0x080005d0   0x080005d0   0x0000001e   Code   RO         3355    .text               mc_w.l(llshl.o)
    0x080005ee   0x080005ee   0x00000024   Code   RO         3357    .text               mc_w.l(llsshr.o)
    0x08000612   0x08000612   0x00000000   Code   RO         3366    .text               mc_w.l(iusefp.o)
    0x08000612   0x08000612   0x0000006e   Code   RO         3367    .text               mf_w.l(fepilogue.o)
    0x08000680   0x08000680   0x000000ba   Code   RO         3369    .text               mf_w.l(depilogue.o)
    0x0800073a   0x0800073a   0x000000a2   Code   RO         3371    .text               mf_w.l(dsqrt.o)
    0x080007dc   0x080007dc   0x00000024   Code   RO         3373    .text               mc_w.l(init.o)
    0x08000800   0x08000800   0x00000020   Code   RO         3375    .text               mc_w.l(llushr.o)
    0x08000820   0x08000820   0x00000018   Code   RO         1705    i.ADC_Cmd           stm32f4xx_adc.o
    0x08000838   0x08000838   0x00000028   Code   RO         1706    i.ADC_CommonInit    stm32f4xx_adc.o
    0x08000860   0x08000860   0x00000018   Code   RO         1709    i.ADC_DMACmd        stm32f4xx_adc.o
    0x08000878   0x08000878   0x00000018   Code   RO         1710    i.ADC_DMARequestAfterLastTransferCmd  stm32f4xx_adc.o
    0x08000890   0x08000890   0x00000160   Code   RO          389    i.ADC_DMA_Config    current_monitoring.o
    0x080009f0   0x080009f0   0x00000006   Code   RO         1717    i.ADC_GetConversionValue  stm32f4xx_adc.o
    0x080009f6   0x080009f6   0x0000000e   Code   RO         1718    i.ADC_GetFlagStatus  stm32f4xx_adc.o
    0x08000a04   0x08000a04   0x0000004c   Code   RO         1725    i.ADC_Init          stm32f4xx_adc.o
    0x08000a50   0x08000a50   0x00000074   Code   RO         1730    i.ADC_RegularChannelConfig  stm32f4xx_adc.o
    0x08000ac4   0x08000ac4   0x0000000a   Code   RO         1732    i.ADC_SoftwareStartConv  stm32f4xx_adc.o
    0x08000ace   0x08000ace   0x00000002   Code   RO          591    i.BusFault_Handler  stm32f4xx_it.o
    0x08000ad0   0x08000ad0   0x000000e0   Code   RO         2632    i.Calc_Accumulate_VectorSum  Sheath_DSP.lib(dsp_algo.o)
    0x08000bb0   0x08000bb0   0x000001f4   Code   RO         2633    i.Calc_Accumulate_WithAlign  Sheath_DSP.lib(dsp_algo.o)
    0x08000da4   0x08000da4   0x00000410   Code   RO         2635    i.Calc_GetFullWaveform  Sheath_DSP.lib(dsp_algo.o)
    0x080011b4   0x080011b4   0x000000dc   Code   RO         2636    i.Calc_GetVectorSumRMS  Sheath_DSP.lib(dsp_algo.o)
    0x08001290   0x08001290   0x000000bc   Code   RO         2637    i.Calc_Goertzel_Amplitude  Sheath_DSP.lib(dsp_algo.o)
    0x0800134c   0x0800134c   0x0000004c   Code   RO          390    i.DMA2_Stream0_IRQHandler  current_monitoring.o
    0x08001398   0x08001398   0x0000002c   Code   RO         1942    i.DMA_ClearITPendingBit  stm32f4xx_dma.o
    0x080013c4   0x080013c4   0x00000018   Code   RO         1943    i.DMA_Cmd           stm32f4xx_dma.o
    0x080013dc   0x080013dc   0x00000054   Code   RO         1953    i.DMA_GetITStatus   stm32f4xx_dma.o
    0x08001430   0x08001430   0x00000032   Code   RO         1954    i.DMA_ITConfig      stm32f4xx_dma.o
    0x08001462   0x08001462   0x00000002   PAD
    0x08001464   0x08001464   0x00000054   Code   RO         1955    i.DMA_Init          stm32f4xx_dma.o
    0x080014b8   0x080014b8   0x00000084   Code   RO         2638    i.DSP_Algo_Init     Sheath_DSP.lib(dsp_algo.o)
    0x0800153c   0x0800153c   0x00000002   Code   RO          592    i.DebugMon_Handler  stm32f4xx_it.o
    0x0800153e   0x0800153e   0x00000002   PAD
    0x08001540   0x08001540   0x000003c4   Code   RO          442    i.Final_Deep_Processing  ct_ratio.o
    0x08001904   0x08001904   0x0000007c   Code   RO         1024    i.GPIO_Init         stm32f4xx_gpio.o
    0x08001980   0x08001980   0x00000020   Code   RO         1025    i.GPIO_PinAFConfig  stm32f4xx_gpio.o
    0x080019a0   0x080019a0   0x0000000e   Code   RO         1028    i.GPIO_ReadInputDataBit  stm32f4xx_gpio.o
    0x080019ae   0x080019ae   0x00000004   Code   RO         1031    i.GPIO_ResetBits    stm32f4xx_gpio.o
    0x080019b2   0x080019b2   0x00000004   Code   RO         1032    i.GPIO_SetBits      stm32f4xx_gpio.o
    0x080019b6   0x080019b6   0x00000002   PAD
    0x080019b8   0x080019b8   0x0000000c   Code   RO          314    i.Get_System_Time   sys_tick.o
    0x080019c4   0x080019c4   0x00000002   Code   RO          593    i.HardFault_Handler  stm32f4xx_it.o
    0x080019c6   0x080019c6   0x00000002   PAD
    0x080019c8   0x080019c8   0x0000003c   Code   RO          797    i.LED_Init          led.o
    0x08001a04   0x08001a04   0x00000010   Code   RO          798    i.LED_Toggle        led.o
    0x08001a14   0x08001a14   0x00000002   Code   RO          594    i.MemManage_Handler  stm32f4xx_it.o
    0x08001a16   0x08001a16   0x00000034   Code   RO          177    i.Modbus_CRC16      modbus_slave.o
    0x08001a4a   0x08001a4a   0x00000002   PAD
    0x08001a4c   0x08001a4c   0x0000012c   Code   RO          178    i.Modbus_Parse_And_Execute  modbus_slave.o
    0x08001b78   0x08001b78   0x00000002   Code   RO          595    i.NMI_Handler       stm32f4xx_it.o
    0x08001b7a   0x08001b7a   0x00000002   PAD
    0x08001b7c   0x08001b7c   0x00000068   Code   RO          953    i.NVIC_Init         misc.o
    0x08001be4   0x08001be4   0x00000002   Code   RO          596    i.PendSV_Handler    stm32f4xx_it.o
    0x08001be6   0x08001be6   0x00000002   PAD
    0x08001be8   0x08001be8   0x000000fc   Code   RO          391    i.Process_Cycle_Task  current_monitoring.o
    0x08001ce4   0x08001ce4   0x00000150   Code   RO          473    i.Protocol_Dispatch  protocol_dispatcher.o
    0x08001e34   0x08001e34   0x0000001c   Code   RO         1121    i.RCC_AHB1PeriphClockCmd  stm32f4xx_rcc.o
    0x08001e50   0x08001e50   0x0000001c   Code   RO         1130    i.RCC_APB1PeriphClockCmd  stm32f4xx_rcc.o
    0x08001e6c   0x08001e6c   0x0000001c   Code   RO         1133    i.RCC_APB2PeriphClockCmd  stm32f4xx_rcc.o
    0x08001e88   0x08001e88   0x000000a0   Code   RO         1142    i.RCC_GetClocksFreq  stm32f4xx_rcc.o
    0x08001f28   0x08001f28   0x00000002   Code   RO          597    i.SVC_Handler       stm32f4xx_it.o
    0x08001f2a   0x08001f2a   0x00000002   PAD
    0x08001f2c   0x08001f2c   0x00000034   Code   RO          210    i.SYS_Get_CT_Offset  sys_config.o
    0x08001f60   0x08001f60   0x00000030   Code   RO          211    i.SYS_Get_CT_Ratio  sys_config.o
    0x08001f90   0x08001f90   0x00000018   Code   RO          212    i.SYS_Get_Ch_Enable  sys_config.o
    0x08001fa8   0x08001fa8   0x00000064   Code   RO          213    i.SYS_Init          sys_config.o
    0x0800200c   0x0800200c   0x0000002c   Code   RO          214    i.SYS_Monitor_Cmd   sys_config.o
    0x08002038   0x08002038   0x00000034   Code   RO          215    i.SYS_Push_Float_To_Modbus  sys_config.o
    0x0800206c   0x0800206c   0x00000028   Code   RO          216    i.SYS_Push_IEEE_Float_To_Modbus  sys_config.o
    0x08002094   0x08002094   0x000000d0   Code   RO          217    i.SYS_RestoreToFactory  sys_config.o
    0x08002164   0x08002164   0x000000ac   Code   RO          218    i.SYS_Save_Config   sys_config.o
    0x08002210   0x08002210   0x00000050   Code   RO          356    i.Sensor_Init       sensor.o
    0x08002260   0x08002260   0x000000b8   Code   RO          357    i.Sensor_Update_Task  sensor.o
    0x08002318   0x08002318   0x000000b8   Code   RO          663    i.SetSysClock       system_stm32f4xx.o
    0x080023d0   0x080023d0   0x00000010   Code   RO          598    i.SysTick_Handler   stm32f4xx_it.o
    0x080023e0   0x080023e0   0x0000004c   Code   RO          315    i.SysTick_Timer_Init  sys_tick.o
    0x0800242c   0x0800242c   0x0000005c   Code   RO          665    i.SystemInit        system_stm32f4xx.o
    0x08002488   0x08002488   0x00000018   Code   RO         2085    i.TIM_Cmd           stm32f4xx_tim.o
    0x080024a0   0x080024a0   0x00000010   Code   RO         2143    i.TIM_SelectOutputTrigger  stm32f4xx_tim.o
    0x080024b0   0x080024b0   0x0000007c   Code   RO         2157    i.TIM_TimeBaseInit  stm32f4xx_tim.o
    0x0800252c   0x0800252c   0x0000004c   Code   RO          884    i.UART_Send_Data    usart.o
    0x08002578   0x08002578   0x00000068   Code   RO          885    i.USART1_IRQHandler  usart.o
    0x080025e0   0x080025e0   0x00000018   Code   RO         1515    i.USART_Cmd         stm32f4xx_usart.o
    0x080025f8   0x080025f8   0x00000040   Code   RO         1519    i.USART_GetITStatus  stm32f4xx_usart.o
    0x08002638   0x08002638   0x00000036   Code   RO         1521    i.USART_ITConfig    stm32f4xx_usart.o
    0x0800266e   0x0800266e   0x00000002   PAD
    0x08002670   0x08002670   0x000000bc   Code   RO         1522    i.USART_Init        stm32f4xx_usart.o
    0x0800272c   0x0800272c   0x00000008   Code   RO         1529    i.USART_ReceiveData  stm32f4xx_usart.o
    0x08002734   0x08002734   0x00000002   Code   RO          599    i.UsageFault_Handler  stm32f4xx_it.o
    0x08002736   0x08002736   0x00000002   PAD
    0x08002738   0x08002738   0x000000a8   Code   RO          501    i.W5500_GPIO_Init   w5500_driver.o
    0x080027e0   0x080027e0   0x0000008c   Code   RO          502    i.W5500_Process     w5500_driver.o
    0x0800286c   0x0800286c   0x00000058   Code   RO          503    i.W5500_ReadWriteByte  w5500_driver.o
    0x080028c4   0x080028c4   0x0000000a   Code   RO          504    i.W5500_Send_Packet  w5500_driver.o
    0x080028ce   0x080028ce   0x00000002   Code   RO          505    i.W5500_Socket_Open  w5500_driver.o
    0x080028d0   0x080028d0   0x00000098   Code   RO          506    i.W5500_Sync_Params  w5500_driver.o
    0x08002968   0x08002968   0x00000058   Code   RO         2922    i.WIZCHIP_READ      Wiznet_Network.lib(w5500.o)
    0x080029c0   0x080029c0   0x00000074   Code   RO         2923    i.WIZCHIP_READ_BUF  Wiznet_Network.lib(w5500.o)
    0x08002a34   0x08002a34   0x00000060   Code   RO         2924    i.WIZCHIP_WRITE     Wiznet_Network.lib(w5500.o)
    0x08002a94   0x08002a94   0x00000070   Code   RO         2925    i.WIZCHIP_WRITE_BUF  Wiznet_Network.lib(w5500.o)
    0x08002b04   0x08002b04   0x00000016   Code   RO          316    i.Wait_Ms           sys_tick.o
    0x08002b1a   0x08002b1a   0x00000026   Code   RO         3322    i.__ARM_fpclassifyf  m_wm.l(fpclassifyf.o)
    0x08002b40   0x08002b40   0x00000150   Code   RO         3249    i.__hardfp_cosf     m_wm.l(cosf.o)
    0x08002c90   0x08002c90   0x00000190   Code   RO         3261    i.__hardfp_sinf     m_wm.l(sinf.o)
    0x08002e20   0x08002e20   0x0000007a   Code   RO         3273    i.__hardfp_sqrt     m_wm.l(sqrt.o)
    0x08002e9a   0x08002e9a   0x0000003a   Code   RO         3285    i.__hardfp_sqrtf    m_wm.l(sqrtf.o)
    0x08002ed4   0x08002ed4   0x00000006   Code   RO         3325    i.__mathlib_flt_infnan  m_wm.l(funder.o)
    0x08002eda   0x08002eda   0x00000002   PAD
    0x08002edc   0x08002edc   0x00000010   Code   RO         3327    i.__mathlib_flt_invalid  m_wm.l(funder.o)
    0x08002eec   0x08002eec   0x00000010   Code   RO         3330    i.__mathlib_flt_underflow  m_wm.l(funder.o)
    0x08002efc   0x08002efc   0x00000154   Code   RO         3338    i.__mathlib_rredf2  m_wm.l(rredf.o)
    0x08003050   0x08003050   0x0000000e   Code   RO         3379    i.__scatterload_copy  mc_w.l(handlers.o)
    0x0800305e   0x0800305e   0x00000002   Code   RO         3380    i.__scatterload_null  mc_w.l(handlers.o)
    0x08003060   0x08003060   0x0000000e   Code   RO         3381    i.__scatterload_zeroinit  mc_w.l(handlers.o)
    0x0800306e   0x0800306e   0x00000002   PAD
    0x08003070   0x08003070   0x0000000c   Code   RO         3361    i.__set_errno       mc_w.l(errno.o)
    0x0800307c   0x0800307c   0x0000007c   Code   RO         2797    i.close             Wiznet_Network.lib(socket.o)
    0x080030f8   0x080030f8   0x0000011c   Code   RO         2983    i.ctlwizchip        Wiznet_Network.lib(wizchip_conf.o)
    0x08003214   0x08003214   0x000000a4   Code   RO         2802    i.disconnect        Wiznet_Network.lib(socket.o)
    0x080032b8   0x080032b8   0x00000050   Code   RO         2926    i.getSn_RX_RSR      Wiznet_Network.lib(w5500.o)
    0x08003308   0x08003308   0x0000004e   Code   RO         2927    i.getSn_TX_FSR      Wiznet_Network.lib(w5500.o)
    0x08003356   0x08003356   0x00000074   Code   RO         2804    i.listen            Wiznet_Network.lib(socket.o)
    0x080033ca   0x080033ca   0x00000002   PAD
    0x080033cc   0x080033cc   0x000000e4   Code   RO            3    i.main              main.o
    0x080034b0   0x080034b0   0x000000ec   Code   RO         2805    i.recv              Wiznet_Network.lib(socket.o)
    0x0800359c   0x0800359c   0x00000024   Code   RO         2987    i.reg_wizchip_cs_cbfunc  Wiznet_Network.lib(wizchip_conf.o)
    0x080035c0   0x080035c0   0x0000002c   Code   RO         2989    i.reg_wizchip_spi_cbfunc  Wiznet_Network.lib(wizchip_conf.o)
    0x080035ec   0x080035ec   0x00000184   Code   RO         2809    i.send              Wiznet_Network.lib(socket.o)
    0x08003770   0x08003770   0x00000148   Code   RO         2814    i.socket            Wiznet_Network.lib(socket.o)
    0x080038b8   0x080038b8   0x000000e4   Code   RO          888    i.uart_init         usart.o
    0x0800399c   0x0800399c   0x00000068   Code   RO         2928    i.wiz_recv_data     Wiznet_Network.lib(w5500.o)
    0x08003a04   0x08003a04   0x00000068   Code   RO         2930    i.wiz_send_data     Wiznet_Network.lib(w5500.o)
    0x08003a6c   0x08003a6c   0x00000004   Code   RO         2992    i.wizchip_bus_readdata  Wiznet_Network.lib(wizchip_conf.o)
    0x08003a70   0x08003a70   0x00000004   Code   RO         2994    i.wizchip_bus_writedata  Wiznet_Network.lib(wizchip_conf.o)
    0x08003a74   0x08003a74   0x0000003e   Code   RO         2995    i.wizchip_clrinterrupt  Wiznet_Network.lib(wizchip_conf.o)
    0x08003ab2   0x08003ab2   0x00000002   Code   RO         2996    i.wizchip_cris_enter  Wiznet_Network.lib(wizchip_conf.o)
    0x08003ab4   0x08003ab4   0x00000002   Code   RO         2997    i.wizchip_cris_exit  Wiznet_Network.lib(wizchip_conf.o)
    0x08003ab6   0x08003ab6   0x00000002   Code   RO         2998    i.wizchip_cs_deselect  Wiznet_Network.lib(wizchip_conf.o)
    0x08003ab8   0x08003ab8   0x00000002   Code   RO         2999    i.wizchip_cs_select  Wiznet_Network.lib(wizchip_conf.o)
    0x08003aba   0x08003aba   0x00000002   PAD
    0x08003abc   0x08003abc   0x0000000c   Code   RO          507    i.wizchip_deselect  w5500_driver.o
    0x08003ac8   0x08003ac8   0x0000001e   Code   RO         3000    i.wizchip_getinterrupt  Wiznet_Network.lib(wizchip_conf.o)
    0x08003ae6   0x08003ae6   0x0000001c   Code   RO         3001    i.wizchip_getinterruptmask  Wiznet_Network.lib(wizchip_conf.o)
    0x08003b02   0x08003b02   0x0000008e   Code   RO         3005    i.wizchip_init      Wiznet_Network.lib(wizchip_conf.o)
    0x08003b90   0x08003b90   0x00000006   Code   RO          508    i.wizchip_read      w5500_driver.o
    0x08003b96   0x08003b96   0x00000002   PAD
    0x08003b98   0x08003b98   0x0000000c   Code   RO          509    i.wizchip_select    w5500_driver.o
    0x08003ba4   0x08003ba4   0x0000001c   Code   RO         3008    i.wizchip_setinterruptmask  Wiznet_Network.lib(wizchip_conf.o)
    0x08003bc0   0x08003bc0   0x00000058   Code   RO         3009    i.wizchip_setnetinfo  Wiznet_Network.lib(wizchip_conf.o)
    0x08003c18   0x08003c18   0x00000004   Code   RO         3013    i.wizchip_spi_readbyte  Wiznet_Network.lib(wizchip_conf.o)
    0x08003c1c   0x08003c1c   0x00000002   Code   RO         3015    i.wizchip_spi_writebyte  Wiznet_Network.lib(wizchip_conf.o)
    0x08003c1e   0x08003c1e   0x00000074   Code   RO         3016    i.wizchip_sw_reset  Wiznet_Network.lib(wizchip_conf.o)
    0x08003c92   0x08003c92   0x00000004   Code   RO          510    i.wizchip_write     w5500_driver.o
    0x08003c96   0x08003c96   0x0000004e   Code   RO         3017    i.wizphy_getphyconf  Wiznet_Network.lib(wizchip_conf.o)
    0x08003ce4   0x08003ce4   0x00000016   Code   RO         3018    i.wizphy_getphylink  Wiznet_Network.lib(wizchip_conf.o)
    0x08003cfa   0x08003cfa   0x0000001a   Code   RO         3019    i.wizphy_getphypmode  Wiznet_Network.lib(wizchip_conf.o)
    0x08003d14   0x08003d14   0x0000001a   Code   RO         3020    i.wizphy_getphystat  Wiznet_Network.lib(wizchip_conf.o)
    0x08003d2e   0x08003d2e   0x0000002a   Code   RO         3021    i.wizphy_reset      Wiznet_Network.lib(wizchip_conf.o)
    0x08003d58   0x08003d58   0x0000004c   Code   RO         3022    i.wizphy_setphyconf  Wiznet_Network.lib(wizchip_conf.o)
    0x08003da4   0x08003da4   0x00000058   Code   RO         3023    i.wizphy_setphypmode  Wiznet_Network.lib(wizchip_conf.o)
    0x08003dfc   0x08003dfc   0x00000027   Data   RO          512    .constdata          w5500_driver.o
    0x08003e23   0x08003e23   0x00000001   PAD
    0x08003e24   0x08003e24   0x00000020   Data   RO         3339    .constdata          m_wm.l(rredf.o)
    0x08003e44   0x08003e44   0x00000020   Data   RO         3377    Region$$Table       anon$$obj.o


    Execution Region RW_IRAM2 (Exec base: 0x10000000, Load base: 0x08003f14, Size: 0x00000000, Max: 0x00010000, ABSOLUTE)

    **** No section assigned to this execution region ****


    Execution Region RW_IRAM1 (Exec base: 0x20000000, Load base: 0x08003e64, Size: 0x00008c70, Max: 0x00020000, ABSOLUTE)

    Exec Addr    Load Addr    Size         Type   Attr      Idx    E Section Name        Object

    0x20000000   0x08003e64   0x00000004   Data   RW            4    .data               main.o
    0x20000004   0x08003e68   0x00000008   Data   RW          222    .data               sys_config.o
    0x2000000c   0x08003e70   0x00000004   Data   RW          317    .data               sys_tick.o
    0x20000010   0x08003e74   0x00000004   Data   RW          359    .data               sensor.o
    0x20000014   0x08003e78   0x00000001   Data   RW          393    .data               current_monitoring.o
    0x20000015   0x08003e79   0x00000006   Data   RW          474    .data               protocol_dispatcher.o
    0x2000001b   0x08003e7f   0x00000001   PAD
    0x2000001c   0x08003e80   0x00000014   Data   RW          666    .data               system_stm32f4xx.o
    0x20000030   0x08003e94   0x00000002   Data   RW          890    .data               usart.o
    0x20000032   0x08003e96   0x00000010   Data   RW         1174    .data               stm32f4xx_rcc.o
    0x20000042   0x08003ea6   0x00000002   PAD
    0x20000044   0x08003ea8   0x00000024   Data   RW         2640    .data               Sheath_DSP.lib(dsp_algo.o)
    0x20000068   0x08003ecc   0x0000000e   Data   RW         2816    .data               Wiznet_Network.lib(socket.o)
    0x20000076   0x08003eda   0x00000002   PAD
    0x20000078   0x08003edc   0x00000034   Data   RW         3024    .data               Wiznet_Network.lib(wizchip_conf.o)
    0x200000ac   0x08003f10   0x00000004   Data   RW         3362    .data               mc_w.l(errno.o)
    0x200000b0        -       0x00000400   Zero   RW          219    .bss                sys_config.o
    0x200004b0        -       0x00001388   Zero   RW          220    .bss                sys_config.o
    0x20001838        -       0x00001000   Zero   RW          221    .bss                sys_config.o
    0x20002838        -       0x00000020   Zero   RW          358    .bss                sensor.o
    0x20002858        -       0x00004814   Zero   RW          392    .bss                current_monitoring.o
    0x2000706c        -       0x00001388   Zero   RW          511    .bss                w5500_driver.o
    0x200083f4        -       0x0000044c   Zero   RW          889    .bss                usart.o
    0x20008840        -       0x00000020   Zero   RW         2639    .bss                Sheath_DSP.lib(dsp_algo.o)
    0x20008860        -       0x00000010   Zero   RW         2815    .bss                Wiznet_Network.lib(socket.o)
    0x20008870        -       0x00000400   Zero   RW          944    STACK               startup_stm32f40_41xxx.o


==============================================================================

Image component sizes


      Code (inc. data)   RO Data    RW Data    ZI Data      Debug   Object Name

       964         22          0          0          0       1880   ct_ratio.o
       680         74          0          1      18452      30150   current_monitoring.o
        76         10          0          0          0       1092   led.o
       228         18          0          4          0     294055   main.o
       104          6          0          0          0     244308   misc.o
       352          6          0          0          0       2782   modbus_slave.o
       336         16          0          6          0       2136   protocol_dispatcher.o
       264         48          0          4         32       2087   sensor.o
        36          8        392          0       1024        884   startup_stm32f40_41xxx.o
       334         20          0          0          0       7508   stm32f4xx_adc.o
       286         32          0          0          0       4874   stm32f4xx_dma.o
       178          0          0          0          0       3851   stm32f4xx_gpio.o
        32          6          0          0          0       4502   stm32f4xx_it.o
       244         30          0         16          0       5127   stm32f4xx_rcc.o
       164         28          0          0          0       2703   stm32f4xx_tim.o
       338          8          0          0          0       4878   stm32f4xx_usart.o
       740         96          0          8      10120     236551   sys_config.o
       110         20          0          4          0      28781   sys_tick.o
       276         34          0         20          0      62657   system_stm32f4xx.o
       408         32          0          2       1100       4225   usart.o
       594         58         39          0       5000      10569   w5500_driver.o

    ----------------------------------------------------------------------
      6766        572        464         68      35728     955600   Object Totals
         0          0         32          0          0          0   (incl. Generated)
        22          0          1          3          0          0   (incl. Padding)

    ----------------------------------------------------------------------

      Code (inc. data)   RO Data    RW Data    ZI Data      Debug   Library Member Name

      2304        108          0         36         32      10750   dsp_algo.o
      1356         34          0         14         16       7338   socket.o
       778         20          0          0          0       6656   w5500.o
      1238         60          0         52          0      21025   wizchip_conf.o
       336         56          0          0          0        136   cosf.o
        38          0          0          0          0        116   fpclassifyf.o
        38         12          0          0          0        348   funder.o
       340         24         32          0          0        160   rredf.o
       400         56          0          0          0        212   sinf.o
       122          0          0          0          0        148   sqrt.o
        58          0          0          0          0        136   sqrtf.o
         0          0          0          0          0          0   entry.o
         0          0          0          0          0          0   entry10a.o
         0          0          0          0          0          0   entry11a.o
         8          4          0          0          0          0   entry2.o
         4          0          0          0          0          0   entry5.o
         0          0          0          0          0          0   entry7b.o
         0          0          0          0          0          0   entry8b.o
         8          4          0          0          0          0   entry9a.o
        12          6          0          4          0         68   errno.o
        30          0          0          0          0          0   handlers.o
        36          8          0          0          0         68   init.o
         0          0          0          0          0          0   iusefp.o
        30          0          0          0          0         68   llshl.o
        36          0          0          0          0         68   llsshr.o
        32          0          0          0          0         68   llushr.o
        36          0          0          0          0         68   memcpya.o
        36          0          0          0          0        108   memseta.o
        48          0          0          0          0         68   cdcmple.o
        56          0          0          0          0         88   d2f.o
       334          0          0          0          0        148   dadd.o
       222          0          0          0          0        100   ddiv.o
       186          0          0          0          0        176   depilogue.o
        26          0          0          0          0         76   dfltui.o
        24          0          0          0          0         76   dfltul.o
       228          0          0          0          0         96   dmul.o
       162          0          0          0          0        100   dsqrt.o
       110          0          0          0          0        168   fepilogue.o
        28          0          0          0          0         84   ffltul.o

    ----------------------------------------------------------------------
      8710        392         32        108         48      48721   Library Totals
        10          0          0          2          0          0   (incl. Padding)

    ----------------------------------------------------------------------

      Code (inc. data)   RO Data    RW Data    ZI Data      Debug   Library Name

      2304        108          0         36         32      10750   Sheath_DSP.lib
      3372        114          0         66         16      35019   Wiznet_Network.lib
      1332        148         32          0          0       1256   m_wm.l
       268         22          0          4          0        516   mc_w.l
      1424          0          0          0          0       1180   mf_w.l

    ----------------------------------------------------------------------
      8710        392         32        108         48      48721   Library Totals

    ----------------------------------------------------------------------

==============================================================================


      Code (inc. data)   RO Data    RW Data    ZI Data      Debug   

     15476        964        496        176      35776     990993   Grand Totals
     15476        964        496        176      35776     990993   ELF Image Totals
     15476        964        496        176          0          0   ROM Totals

==============================================================================

    Total RO  Size (Code + RO Data)                15972 (  15.60kB)
    Total RW  Size (RW Data + ZI Data)             35952 (  35.11kB)
    Total ROM Size (Code + RO Data + RW Data)      16148 (  15.77kB)

==============================================================================

